#
# A fatal error has been detected by the Java Runtime Environment:
#
#  EXCEPTION_ACCESS_VIOLATION (0xc0000005) at pc=0x00007ffe5d179307, pid=18036, tid=2520
#
# JRE version: OpenJDK Runtime Environment Temurin-21.0.8+9 (21.0.8+9) (build 21.0.8+9-LTS)
# Java VM: OpenJDK 64-Bit Server VM Temurin-21.0.8+9 (21.0.8+9-LTS, mixed mode, sharing, tiered, compressed oops, compressed class ptrs, parallel gc, windows-amd64)
# Problematic frame:
# V  [jvm.dll+0x3b9307]
#
# No core dump will be written. Minidumps are not enabled by default on client versions of Windows
#
# If you would like to submit a bug report, please visit:
#   https://github.com/adoptium/adoptium-support/issues
#

---------------  S U M M A R Y ------------

Command Line: --add-modules=ALL-SYSTEM --add-opens=java.base/java.util=ALL-UNNAMED --add-opens=java.base/java.lang=ALL-UNNAMED --add-opens=java.base/sun.nio.fs=ALL-UNNAMED -Declipse.application=org.eclipse.jdt.ls.core.id1 -Dosgi.bundles.defaultStartLevel=4 -Declipse.product=org.eclipse.jdt.ls.core.product -Djava.import.generatesMetadataFilesAtProjectRoot=false -DDetectVMInstallationsJob.disabled=true -Dfile.encoding=utf8 -XX:+UseParallelGC -XX:GCTimeRatio=4 -XX:AdaptiveSizePolicyWeight=90 -Dsun.zip.disableMemoryMapping=true -Xmx2G -Xms100m -Xlog:disable -javaagent:c:\Users\MrCode\.vscode\extensions\redhat.java-1.44.0-win32-x64\lombok\lombok-1.18.39-4050.jar -XX:+HeapDumpOnOutOfMemoryError -XX:HeapDumpPath=c:\Users\MrCode\AppData\Roaming\Code\User\workspaceStorage\d19f8096f50f315f45fd99ff2711dc27\redhat.java -Daether.dependencyCollector.impl=bf c:\Users\MrCode\.vscode\extensions\redhat.java-1.44.0-win32-x64\server\plugins\org.eclipse.equinox.launcher_1.7.0.v20250519-0528.jar -configuration c:\Users\MrCode\AppData\Roaming\Code\User\globalStorage\redhat.java\1.44.0\config_win -data c:\Users\MrCode\AppData\Roaming\Code\User\workspaceStorage\d19f8096f50f315f45fd99ff2711dc27\redhat.java\jdt_ws --pipe=\\.\pipe\lsp-07297c5f74a0d4e4dd3537e8d7f66e66-sock

Host: 13th Gen Intel(R) Core(TM) i9-13980HX, 32 cores, 31G,  Windows 11 , 64 bit Build 26100 (10.0.26100.4768)
Time: Sat Aug 16 09:43:11 2025 elapsed time: 30.694788 seconds (0d 0h 0m 30s)

---------------  T H R E A D  ---------------

Current thread (0x0000018cf906d660):  JavaThread "C2 CompilerThread1" daemon [_thread_in_native, id=2520, stack(0x00000064e3100000,0x00000064e3200000) (1024K)]


Current CompileTask:
C2:30694 16002       4       org.eclipse.osgi.container.ModuleDatabase$Persistence::addMap (289 bytes)

Stack: [0x00000064e3100000,0x00000064e3200000],  sp=0x00000064e31fcc50,  free space=1011k
Native frames: (J=compiled Java code, j=interpreted, Vv=VM code, C=native code)
V  [jvm.dll+0x3b9307]
V  [jvm.dll+0x3b8465]
V  [jvm.dll+0x1e10bf]
V  [jvm.dll+0x249022]
V  [jvm.dll+0x2484af]
V  [jvm.dll+0x1c89ee]
V  [jvm.dll+0x257d4d]
V  [jvm.dll+0x2562ea]
V  [jvm.dll+0x3f2d16]
V  [jvm.dll+0x857e6b]
V  [jvm.dll+0x6d0b0d]
C  [ucrtbase.dll+0x37b0]
C  [KERNEL32.DLL+0x2e8d7]
C  [ntdll.dll+0x3c34c]


siginfo: EXCEPTION_ACCESS_VIOLATION (0xc0000005), writing address 0x0000000000000000


Registers:
RAX=0x0000000000000000, RBX=0x0000018cf9f5e4c0, RCX=0x000000000000001a, RDX=0x0000000000000002
RSP=0x00000064e31fcc50, RBP=0x00000064e31fcfc0, RSI=0x0000000000000654, RDI=0x0000018cf9f873f0
R8 =0x000000000000029b, R9 =0x0000000000000006, R10=0x0000000000000000, R11=0x0000000000000000
R12=0x0000018cf8afe274, R13=0x0000000000000007, R14=0x00000064e31fd360, R15=0x0000000000000000
RIP=0x00007ffe5d179307, EFLAGS=0x0000000000010246

XMM[0]=0x0000000000000000 0x0000000000000000
XMM[1]=0x0000000800000008 0x0000000000000000
XMM[2]=0x0000000000000000 0x3fc3168f04352e96
XMM[3]=0x0000000000000000 0x0000000000000000
XMM[4]=0x0000000000000000 0x0000000000000000
XMM[5]=0x0000000000000000 0x0000000000000000
XMM[6]=0x0000000000000000 0x3fc3168f04352e96
XMM[7]=0x0000000000000000 0x0000000000000000
XMM[8]=0x0000000000000000 0x0000000000000000
XMM[9]=0x0000000000000000 0x0000000000000000
XMM[10]=0x0000000000000000 0x0000000000000000
XMM[11]=0x0000000000000000 0x0000000000000000
XMM[12]=0x0000000000000000 0x0000000000000000
XMM[13]=0x0000000000000000 0x0000000000000000
XMM[14]=0x0000000000000000 0x0000000000000000
XMM[15]=0x0000000000000000 0x0000000000000000
  MXCSR=0x00001fb2


Register to memory mapping:

RAX=0x0 is null
RBX=0x0000018cf9f5e4c0 points into unknown readable memory: 0x4018b8ab26f783f0 | f0 83 f7 26 ab b8 18 40
RCX=0x000000000000001a is an unknown value
RDX=0x0000000000000002 is an unknown value
RSP=0x00000064e31fcc50 is pointing into the stack for thread: 0x0000018cf906d660
RBP=0x00000064e31fcfc0 is pointing into the stack for thread: 0x0000018cf906d660
RSI=0x0000000000000654 is an unknown value
RDI=0x0000018cf9f873f0 points into unknown readable memory: 0x3fcca1d6864fc5e1 | e1 c5 4f 86 d6 a1 cc 3f
R8 =0x000000000000029b is an unknown value
R9 =0x0000000000000006 is an unknown value
R10=0x0 is null
R11=0x0 is null
R12=0x0000018cf8afe274 points into unknown readable memory: 02 00 00 00
R13=0x0000000000000007 is an unknown value
R14=0x00000064e31fd360 is pointing into the stack for thread: 0x0000018cf906d660
R15=0x0 is null

Top of Stack: (sp=0x00000064e31fcc50)
0x00000064e31fcc50:   0000018cf9f873f0 00000064e31fcfc0
0x00000064e31fcc60:   0000000000000654 0000000000000000
0x00000064e31fcc70:   0000000000000006 000000030000029b
0x00000064e31fcc80:   0000000700000003 0000018cf29f6880
0x00000064e31fcc90:   00000064e31fcdb0 00000064e31fcda0
0x00000064e31fcca0:   0000018cf8afe248 0000018cf9f873f0
0x00000064e31fccb0:   0000000000000001 00007ffe5d178465
0x00000064e31fccc0:   0000018cf8afe274 00000064e31fcdc0
0x00000064e31fccd0:   00000064e31fd360 0000000000000001
0x00000064e31fcce0:   00000064e31fcd10 0000000000000006
0x00000064e31fccf0:   0000000200000007 0000018cf24a60e0
0x00000064e31fcd00:   0000000000000006 0000018cf24a60c0
0x00000064e31fcd10:   0000000700000000 0000000e00000000
0x00000064e31fcd20:   00007ffe00000000 000000070000000c
0x00000064e31fcd30:   0000000d0000000d 00007fff00000000
0x00000064e31fcd40:   000000460000030a 0000018c00000654
0x00000064e31fcd50:   0000000000000003 0000000000000000
0x00000064e31fcd60:   0000000200000654 0000000700000007
0x00000064e31fcd70:   0000018cf29f6860 00000064e31fcdb0
0x00000064e31fcd80:   00000064e31fcda0 0000018cf24a612c
0x00000064e31fcd90:   0000018cf24a6134 0000000000000503
0x00000064e31fcda0:   0000000700000014 00000064e31fcdb0
0x00000064e31fcdb0:   0000018cf29f68c0 0000018cf29f68a0
0x00000064e31fcdc0:   0000018cf29f6880 00007ffe5da5d500
0x00000064e31fcdd0:   00007ffe5da5d500 00007ffe5da5d500
0x00000064e31fcde0:   0000018cf29f6860 00007ffe5da5d500
0x00000064e31fcdf0:   00007ffe5da5d500 00007ffe5da5d500
0x00000064e31fce00:   00007ffe5da5d500 00007ffe5da5d500
0x00000064e31fce10:   00007ffe5da5d500 00007ffe5da5d500
0x00000064e31fce20:   00000000000004b8 0000018cf84d8590
0x00000064e31fce30:   0000018c0000000e 0000018cf8137ba0
0x00000064e31fce40:   0000018cf48c0000 0000000000000000 

Instructions: (pc=0x00007ffe5d179307)
0x00007ffe5d179207:   58 0f 11 41 68 0f 11 41 78 66 48 0f d6 81 88 00
0x00007ffe5d179217:   00 00 c7 81 98 00 00 00 c0 02 00 00 49 83 ee 01
0x00007ffe5d179227:   75 97 48 8b 74 24 40 48 8b 5c 24 48 48 8b 6c 24
0x00007ffe5d179237:   50 48 83 c4 20 41 5f 41 5e 5f c3 cc cc cc cc cc
0x00007ffe5d179247:   cc cc cc cc cc cc cc cc cc 4c 8b dc 56 41 56 48
0x00007ffe5d179257:   83 ec 58 41 83 38 00 4c 8b f1 8b f2 0f 84 5f 01
0x00007ffe5d179267:   00 00 48 8b 41 70 41 8b 48 04 49 89 7b 18 48 69
0x00007ffe5d179277:   fe b0 00 00 00 4d 89 7b e8 45 33 ff 48 03 78 20
0x00007ffe5d179287:   49 8b 40 08 4d 89 7b b8 45 89 7b c0 49 c7 43 c4
0x00007ffe5d179297:   04 00 00 00 89 4c 24 34 4d 89 7b d0 49 89 43 d8
0x00007ffe5d1792a7:   4d 89 43 e0 85 c9 0f 84 08 01 00 00 49 8d 4b b8
0x00007ffe5d1792b7:   e8 74 4d 00 00 44 8b c0 85 c0 0f 84 f4 00 00 00
0x00007ffe5d1792c7:   4c 8b 4c 24 20 48 89 5c 24 70 48 89 6c 24 78 49
0x00007ffe5d1792d7:   8b 6e 70 4d 8b d7 41 8b c0 48 69 d8 b0 00 00 00
0x00007ffe5d1792e7:   48 03 5d 20 44 8b 9b 94 00 00 00 44 39 9f 94 00
0x00007ffe5d1792f7:   00 00 8b 83 90 00 00 00 44 0f 42 9f 94 00 00 00
0x00007ffe5d179307:   39 87 90 00 00 00 0f 47 87 90 00 00 00 41 3b c3
0x00007ffe5d179317:   77 47 0f 1f 80 00 00 00 00 48 8b 54 c3 38 48 23
0x00007ffe5d179327:   54 c7 38 ff c0 4c 0b d2 41 3b c3 76 ec 4d 85 d2
0x00007ffe5d179337:   74 27 48 8b c6 41 3b f0 73 06 41 8b c0 44 8b c6
0x00007ffe5d179347:   48 8d 0c 80 41 8b d0 48 c1 e1 05 48 03 4d 10 e8
0x00007ffe5d179357:   55 aa e2 ff 4c 8b 4c 24 20 4d 85 c9 74 20 44 8b
0x00007ffe5d179367:   44 24 28 49 0f bc c1 8b c8 49 d3 e9 49 ff c9 44
0x00007ffe5d179377:   03 c0 4c 89 4c 24 20 44 89 44 24 28 eb 23 83 7c
0x00007ffe5d179387:   24 2c 04 72 0a 8b 44 24 34 39 44 24 30 73 1b 48
0x00007ffe5d179397:   8d 4c 24 20 e8 90 4c 00 00 4c 8b 4c 24 20 44 8b
0x00007ffe5d1793a7:   c0 45 85 c0 0f 85 25 ff ff ff 48 8b 6c 24 78 48
0x00007ffe5d1793b7:   8b 5c 24 70 48 8b bc 24 80 00 00 00 4c 8b 7c 24
0x00007ffe5d1793c7:   50 48 83 c4 58 41 5e 5e c3 48 89 5c 24 08 48 89
0x00007ffe5d1793d7:   74 24 10 57 48 83 ec 20 49 8d 49 38 49 8b f9 41
0x00007ffe5d1793e7:   8b f0 e8 b2 65 36 00 84 c0 0f 84 ad 00 00 00 83
0x00007ffe5d1793f7:   bf 98 00 00 00 00 0f 84 a0 00 00 00 f6 87 a8 00 


Stack slot to memory mapping:

stack at sp + 0 slots: 0x0000018cf9f873f0 points into unknown readable memory: 0x3fcca1d6864fc5e1 | e1 c5 4f 86 d6 a1 cc 3f
stack at sp + 1 slots: 0x00000064e31fcfc0 is pointing into the stack for thread: 0x0000018cf906d660
stack at sp + 2 slots: 0x0000000000000654 is an unknown value
stack at sp + 3 slots: 0x0 is null
stack at sp + 4 slots: 0x0000000000000006 is an unknown value
stack at sp + 5 slots: 0x000000030000029b is an unknown value
stack at sp + 6 slots: 0x0000000700000003 is an unknown value
stack at sp + 7 slots: 0x0000018cf29f6880 points into unknown readable memory: 0x0000000000000000 | 00 00 00 00 00 00 00 00


---------------  P R O C E S S  ---------------

Threads class SMR info:
_java_thread_list=0x0000018cf7bf40b0, length=179, elements={
0x0000018c8eb7dac0, 0x0000018c9131a930, 0x0000018c9143e550, 0x0000018c91323230,
0x0000018c91323e80, 0x0000018c913283b0, 0x0000018c9132e2c0, 0x0000018ce9cf6b00,
0x0000018ce9cfdba0, 0x0000018ce9e5a640, 0x0000018ce9e571c0, 0x0000018ce9e57850,
0x0000018ce9e57ee0, 0x0000018ce9e59290, 0x0000018ce9e58570, 0x0000018ce9e58c00,
0x0000018ce9e59920, 0x0000018cf202d160, 0x0000018cf2030c70, 0x0000018cf202d7f0,
0x0000018cf202eba0, 0x0000018cf202f8c0, 0x0000018cf2031300, 0x0000018cf202ff50,
0x0000018cf20305e0, 0x0000018cf202de80, 0x0000018cf2031990, 0x0000018cf202e510,
0x0000018cf2032020, 0x0000018cf20326b0, 0x0000018cf2032d40, 0x0000018cf20333d0,
0x0000018cf2033a60, 0x0000018cf20340f0, 0x0000018cf6ba0430, 0x0000018cf6b9f080,
0x0000018cf6b9e360, 0x0000018cf6b9e9f0, 0x0000018cf6b9f710, 0x0000018cf6ba1150,
0x0000018cf6ba1e70, 0x0000018cf6ba17e0, 0x0000018cf6ba2500, 0x0000018cf6ba2b90,
0x0000018cf6ba0ac0, 0x0000018cf6b9fda0, 0x0000018cf6ba3220, 0x0000018cf6ba5980,
0x0000018cf6ba38b0, 0x0000018cf6ba3f40, 0x0000018cf6ba45d0, 0x0000018cf6ba4c60,
0x0000018cf6ba52f0, 0x0000018cf36e1dd0, 0x0000018cf36e2460, 0x0000018cf36df670,
0x0000018cf36e10b0, 0x0000018cf36defe0, 0x0000018cf36e2af0, 0x0000018cf36e3180,
0x0000018cf36e0a20, 0x0000018cf36e0390, 0x0000018cf36e1740, 0x0000018cf36e5f70,
0x0000018cf36e58e0, 0x0000018cf36e4bc0, 0x0000018cf36e6600, 0x0000018cf36e5250,
0x0000018cf36e4530, 0x0000018cf36e3810, 0x0000018cf36e3ea0, 0x0000018cf32b7ca0,
0x0000018cf32b6260, 0x0000018cf32b7610, 0x0000018cf32b8330, 0x0000018cf32b6f80,
0x0000018cf32b68f0, 0x0000018cf32b4eb0, 0x0000018cf32b9050, 0x0000018cf32b5bd0,
0x0000018cf32b96e0, 0x0000018cf32baa90, 0x0000018cf32b9d70, 0x0000018cf32bc4d0,
0x0000018cf32bbe40, 0x0000018cf32bb120, 0x0000018cf32ba400, 0x0000018cf32bb7b0,
0x0000018cf8be57c0, 0x0000018cf8be7f20, 0x0000018cf8be7890, 0x0000018cf8be7200,
0x0000018cf8be85b0, 0x0000018cf8be5e50, 0x0000018cf8be8c40, 0x0000018cf8be92d0,
0x0000018cf8be9960, 0x0000018cf8be64e0, 0x0000018cf8be9ff0, 0x0000018cf8be6b70,
0x0000018cf8beb3a0, 0x0000018cf8bec0c0, 0x0000018cf8bea680, 0x0000018cf8bec750,
0x0000018cf8beba30, 0x0000018cf8bead10, 0x0000018cf70535d0, 0x0000018cf7052f40,
0x0000018cf70542f0, 0x0000018cf4ce6640, 0x0000018cf4ce31c0, 0x0000018cf4ce6cd0,
0x0000018cf4cea150, 0x0000018cf4ce79f0, 0x0000018cf4ce9430, 0x0000018cf4ce8080,
0x0000018cf4cea7e0, 0x0000018cf4ce7360, 0x0000018cf4ce8710, 0x0000018cf4ce8da0,
0x0000018cf4ce9ac0, 0x0000018cf7054980, 0x0000018cf7055010, 0x0000018cf70556a0,
0x0000018cf7055d30, 0x0000018cf202cad0, 0x0000018cf35defb0, 0x0000018cf35e1da0,
0x0000018cf35e09f0, 0x0000018cf35e1080, 0x0000018cf35e1710, 0x0000018cf35de920,
0x0000018cf35e2430, 0x0000018cf35e2ac0, 0x0000018cf35df640, 0x0000018cf35e3150,
0x0000018cf35dfcd0, 0x0000018cf35e37e0, 0x0000018cf35e0360, 0x0000018cf35e3e70,
0x0000018cf35e4500, 0x0000018cf35e58b0, 0x0000018cf35e5f40, 0x0000018cf4ce4c00,
0x0000018cf7892bf0, 0x0000018cf7894630, 0x0000018cf7892560, 0x0000018cf7894cc0,
0x0000018cf7893910, 0x0000018cf78959e0, 0x0000018cf7893280, 0x0000018cf7896070,
0x0000018cf7895350, 0x0000018cf7896700, 0x0000018cf7896d90, 0x0000018cf7897420,
0x0000018cf7893fa0, 0x0000018cf7897ab0, 0x0000018cf7898140, 0x0000018cf78987d0,
0x0000018cf7898e60, 0x0000018cf78994f0, 0x0000018cf7899b80, 0x0000018cf2d0ff40,
0x0000018cf2d0e500, 0x0000018cf2d0de70, 0x0000018cf2d112f0, 0x0000018cf2d12010,
0x0000018cf2d0f220, 0x0000018cf2d0f8b0, 0x0000018cf2d105d0, 0x0000018cf2d10c60,
0x0000018cf906d660, 0x0000018cfb5a8330, 0x0000018cf8d9d0a0, 0x0000018cf77eca50,
0x0000018cf77ed120, 0x0000018cf372f730, 0x0000018cf9bb2150
}

Java Threads: ( => current thread )
  0x0000018c8eb7dac0 JavaThread "main"                              [_thread_blocked, id=28984, stack(0x00000064e1200000,0x00000064e1300000) (1024K)]
  0x0000018c9131a930 JavaThread "Reference Handler"          daemon [_thread_blocked, id=26460, stack(0x00000064e1600000,0x00000064e1700000) (1024K)]
  0x0000018c9143e550 JavaThread "Finalizer"                  daemon [_thread_blocked, id=10948, stack(0x00000064e1700000,0x00000064e1800000) (1024K)]
  0x0000018c91323230 JavaThread "Signal Dispatcher"          daemon [_thread_blocked, id=25672, stack(0x00000064e1800000,0x00000064e1900000) (1024K)]
  0x0000018c91323e80 JavaThread "Attach Listener"            daemon [_thread_blocked, id=1620, stack(0x00000064e1900000,0x00000064e1a00000) (1024K)]
  0x0000018c913283b0 JavaThread "Service Thread"             daemon [_thread_blocked, id=21132, stack(0x00000064e1a00000,0x00000064e1b00000) (1024K)]
  0x0000018c9132e2c0 JavaThread "Monitor Deflation Thread"   daemon [_thread_blocked, id=8464, stack(0x00000064e1b00000,0x00000064e1c00000) (1024K)]
  0x0000018ce9cf6b00 JavaThread "C2 CompilerThread0"         daemon [_thread_blocked, id=32644, stack(0x00000064e1c00000,0x00000064e1d00000) (1024K)]
  0x0000018ce9cfdba0 JavaThread "C1 CompilerThread0"         daemon [_thread_blocked, id=30624, stack(0x00000064e1d00000,0x00000064e1e00000) (1024K)]
  0x0000018ce9e5a640 JavaThread "Common-Cleaner"             daemon [_thread_blocked, id=32084, stack(0x00000064e1f00000,0x00000064e2000000) (1024K)]
  0x0000018ce9e571c0 JavaThread "Notification Thread"        daemon [_thread_blocked, id=30252, stack(0x00000064e2200000,0x00000064e2300000) (1024K)]
  0x0000018ce9e57850 JavaThread "Active Thread: Equinox Container: 3958ee43-c89b-4452-bd84-a71bb2d635c2"        [_thread_blocked, id=15888, stack(0x00000064e2b00000,0x00000064e2c00000) (1024K)]
  0x0000018ce9e57ee0 JavaThread "Refresh Thread: Equinox Container: 3958ee43-c89b-4452-bd84-a71bb2d635c2" daemon [_thread_blocked, id=9296, stack(0x00000064e1e00000,0x00000064e1f00000) (1024K)]
  0x0000018ce9e59290 JavaThread "Framework Event Dispatcher: Equinox Container: 3958ee43-c89b-4452-bd84-a71bb2d635c2" daemon [_thread_blocked, id=15956, stack(0x00000064e2000000,0x00000064e2100000) (1024K)]
  0x0000018ce9e58570 JavaThread "Start Level: Equinox Container: 3958ee43-c89b-4452-bd84-a71bb2d635c2" daemon [_thread_blocked, id=30176, stack(0x00000064e2100000,0x00000064e2200000) (1024K)]
  0x0000018ce9e58c00 JavaThread "Bundle File Closer"         daemon [_thread_blocked, id=26284, stack(0x00000064e3000000,0x00000064e3100000) (1024K)]
  0x0000018ce9e59920 JavaThread "SCR Component Actor"        daemon [_thread_blocked, id=25044, stack(0x00000064e2f00000,0x00000064e3000000) (1024K)]
  0x0000018cf202d160 JavaThread "Worker-JM"                         [_thread_blocked, id=19088, stack(0x00000064e3600000,0x00000064e3700000) (1024K)]
  0x0000018cf2030c70 JavaThread "JNA Cleaner"                daemon [_thread_blocked, id=30928, stack(0x00000064e3b00000,0x00000064e3c00000) (1024K)]
  0x0000018cf202d7f0 JavaThread "Worker-0"                          [_thread_blocked, id=26428, stack(0x00000064e3c00000,0x00000064e3d00000) (1024K)]
  0x0000018cf202eba0 JavaThread "Worker-1"                          [_thread_blocked, id=10796, stack(0x00000064e3d00000,0x00000064e3e00000) (1024K)]
  0x0000018cf202f8c0 JavaThread "Worker-2"                          [_thread_blocked, id=20364, stack(0x00000064e4200000,0x00000064e4300000) (1024K)]
  0x0000018cf2031300 JavaThread "Java indexing"              daemon [_thread_blocked, id=13476, stack(0x00000064e4800000,0x00000064e4900000) (1024K)]
  0x0000018cf202ff50 JavaThread "Worker-3"                          [_thread_blocked, id=7804, stack(0x00000064e4d00000,0x00000064e4e00000) (1024K)]
  0x0000018cf20305e0 JavaThread "Worker-4"                          [_thread_blocked, id=7960, stack(0x00000064e4e00000,0x00000064e4f00000) (1024K)]
  0x0000018cf202de80 JavaThread "Worker-5"                          [_thread_blocked, id=12720, stack(0x00000064e4f00000,0x00000064e5000000) (1024K)]
  0x0000018cf2031990 JavaThread "Thread-2"                   daemon [_thread_in_native, id=20612, stack(0x00000064e5000000,0x00000064e5100000) (1024K)]
  0x0000018cf202e510 JavaThread "Thread-3"                   daemon [_thread_in_native, id=18004, stack(0x00000064e5100000,0x00000064e5200000) (1024K)]
  0x0000018cf2032020 JavaThread "Thread-4"                   daemon [_thread_in_native, id=29916, stack(0x00000064e5200000,0x00000064e5300000) (1024K)]
  0x0000018cf20326b0 JavaThread "Thread-5"                   daemon [_thread_in_native, id=10884, stack(0x00000064e5300000,0x00000064e5400000) (1024K)]
  0x0000018cf2032d40 JavaThread "Thread-6"                   daemon [_thread_in_native, id=26748, stack(0x00000064e5400000,0x00000064e5500000) (1024K)]
  0x0000018cf20333d0 JavaThread "Thread-7"                   daemon [_thread_in_native, id=31604, stack(0x00000064e5500000,0x00000064e5600000) (1024K)]
  0x0000018cf2033a60 JavaThread "Thread-8"                   daemon [_thread_in_native, id=3036, stack(0x00000064e5600000,0x00000064e5700000) (1024K)]
  0x0000018cf20340f0 JavaThread "Thread-9"                   daemon [_thread_in_native, id=21544, stack(0x00000064e5700000,0x00000064e5800000) (1024K)]
  0x0000018cf6ba0430 JavaThread "Thread-10"                  daemon [_thread_in_native, id=29976, stack(0x00000064e5800000,0x00000064e5900000) (1024K)]
  0x0000018cf6b9f080 JavaThread "Thread-11"                  daemon [_thread_in_native, id=22568, stack(0x00000064e5900000,0x00000064e5a00000) (1024K)]
  0x0000018cf6b9e360 JavaThread "Thread-12"                  daemon [_thread_in_native, id=9320, stack(0x00000064e5a00000,0x00000064e5b00000) (1024K)]
  0x0000018cf6b9e9f0 JavaThread "Thread-13"                  daemon [_thread_in_native, id=4652, stack(0x00000064e5b00000,0x00000064e5c00000) (1024K)]
  0x0000018cf6b9f710 JavaThread "Thread-14"                  daemon [_thread_in_native, id=21284, stack(0x00000064e5c00000,0x00000064e5d00000) (1024K)]
  0x0000018cf6ba1150 JavaThread "Thread-15"                  daemon [_thread_in_native, id=11184, stack(0x00000064e5d00000,0x00000064e5e00000) (1024K)]
  0x0000018cf6ba1e70 JavaThread "Thread-16"                  daemon [_thread_in_native, id=21260, stack(0x00000064e5e00000,0x00000064e5f00000) (1024K)]
  0x0000018cf6ba17e0 JavaThread "Thread-17"                  daemon [_thread_in_native, id=32124, stack(0x00000064e5f00000,0x00000064e6000000) (1024K)]
  0x0000018cf6ba2500 JavaThread "Thread-18"                  daemon [_thread_in_native, id=24256, stack(0x00000064e6000000,0x00000064e6100000) (1024K)]
  0x0000018cf6ba2b90 JavaThread "Thread-19"                  daemon [_thread_in_native, id=14620, stack(0x00000064e6100000,0x00000064e6200000) (1024K)]
  0x0000018cf6ba0ac0 JavaThread "Thread-20"                  daemon [_thread_in_native, id=30060, stack(0x00000064e6200000,0x00000064e6300000) (1024K)]
  0x0000018cf6b9fda0 JavaThread "Thread-21"                  daemon [_thread_in_native, id=21876, stack(0x00000064e6300000,0x00000064e6400000) (1024K)]
  0x0000018cf6ba3220 JavaThread "Thread-22"                  daemon [_thread_in_native, id=20800, stack(0x00000064e6400000,0x00000064e6500000) (1024K)]
  0x0000018cf6ba5980 JavaThread "Thread-23"                  daemon [_thread_in_native, id=29920, stack(0x00000064e6500000,0x00000064e6600000) (1024K)]
  0x0000018cf6ba38b0 JavaThread "Thread-24"                  daemon [_thread_in_native, id=12664, stack(0x00000064e6600000,0x00000064e6700000) (1024K)]
  0x0000018cf6ba3f40 JavaThread "Thread-25"                  daemon [_thread_in_native, id=7948, stack(0x00000064e6700000,0x00000064e6800000) (1024K)]
  0x0000018cf6ba45d0 JavaThread "Thread-26"                  daemon [_thread_in_native, id=29748, stack(0x00000064e6800000,0x00000064e6900000) (1024K)]
  0x0000018cf6ba4c60 JavaThread "Thread-27"                  daemon [_thread_in_native, id=32252, stack(0x00000064e6900000,0x00000064e6a00000) (1024K)]
  0x0000018cf6ba52f0 JavaThread "Thread-28"                  daemon [_thread_in_native, id=24720, stack(0x00000064e6a00000,0x00000064e6b00000) (1024K)]
  0x0000018cf36e1dd0 JavaThread "Thread-29"                  daemon [_thread_in_native, id=31912, stack(0x00000064e6b00000,0x00000064e6c00000) (1024K)]
  0x0000018cf36e2460 JavaThread "Thread-30"                  daemon [_thread_in_native, id=9888, stack(0x00000064e6c00000,0x00000064e6d00000) (1024K)]
  0x0000018cf36df670 JavaThread "Thread-31"                  daemon [_thread_in_native, id=12660, stack(0x00000064e6d00000,0x00000064e6e00000) (1024K)]
  0x0000018cf36e10b0 JavaThread "Thread-32"                  daemon [_thread_in_native, id=11856, stack(0x00000064e6e00000,0x00000064e6f00000) (1024K)]
  0x0000018cf36defe0 JavaThread "Thread-33"                  daemon [_thread_in_native, id=32172, stack(0x00000064e6f00000,0x00000064e7000000) (1024K)]
  0x0000018cf36e2af0 JavaThread "Thread-34"                  daemon [_thread_in_native, id=32452, stack(0x00000064e7000000,0x00000064e7100000) (1024K)]
  0x0000018cf36e3180 JavaThread "pool-2-thread-1"                   [_thread_blocked, id=8536, stack(0x00000064e7100000,0x00000064e7200000) (1024K)]
  0x0000018cf36e0a20 JavaThread "Worker-6"                          [_thread_blocked, id=25228, stack(0x00000064e7200000,0x00000064e7300000) (1024K)]
  0x0000018cf36e0390 JavaThread "WorkspaceEventsHandler"            [_thread_blocked, id=31080, stack(0x00000064e7800000,0x00000064e7900000) (1024K)]
  0x0000018cf36e1740 JavaThread "pool-1-thread-1"                   [_thread_blocked, id=1168, stack(0x00000064e7900000,0x00000064e7a00000) (1024K)]
  0x0000018cf36e5f70 JavaThread "Compiler Source File Reader" daemon [_thread_blocked, id=15960, stack(0x00000064e7a00000,0x00000064e7b00000) (1024K)]
  0x0000018cf36e58e0 JavaThread "Compiler Source File Reader" daemon [_thread_blocked, id=5396, stack(0x00000064e7b00000,0x00000064e7c00000) (1024K)]
  0x0000018cf36e4bc0 JavaThread "Compiler Source File Reader" daemon [_thread_blocked, id=14132, stack(0x00000064e7c00000,0x00000064e7d00000) (1024K)]
  0x0000018cf36e6600 JavaThread "Compiler Source File Reader" daemon [_thread_blocked, id=4900, stack(0x00000064e7d00000,0x00000064e7e00000) (1024K)]
  0x0000018cf36e5250 JavaThread "Compiler Source File Reader" daemon [_thread_blocked, id=9272, stack(0x00000064e7e00000,0x00000064e7f00000) (1024K)]
  0x0000018cf36e4530 JavaThread "Compiler Source File Reader" daemon [_thread_blocked, id=15292, stack(0x00000064e7f00000,0x00000064e8000000) (1024K)]
  0x0000018cf36e3810 JavaThread "Compiler Source File Reader" daemon [_thread_blocked, id=26564, stack(0x00000064e8000000,0x00000064e8100000) (1024K)]
  0x0000018cf36e3ea0 JavaThread "Compiler Source File Reader" daemon [_thread_blocked, id=14360, stack(0x00000064e8100000,0x00000064e8200000) (1024K)]
  0x0000018cf32b7ca0 JavaThread "Compiler Source File Reader" daemon [_thread_blocked, id=31936, stack(0x00000064e8200000,0x00000064e8300000) (1024K)]
  0x0000018cf32b6260 JavaThread "Compiler Source File Reader" daemon [_thread_blocked, id=26164, stack(0x00000064e8300000,0x00000064e8400000) (1024K)]
  0x0000018cf32b7610 JavaThread "Compiler Source File Reader" daemon [_thread_blocked, id=14264, stack(0x00000064e8400000,0x00000064e8500000) (1024K)]
  0x0000018cf32b8330 JavaThread "Compiler Source File Reader" daemon [_thread_blocked, id=9472, stack(0x00000064e8500000,0x00000064e8600000) (1024K)]
  0x0000018cf32b6f80 JavaThread "Compiler Source File Reader" daemon [_thread_blocked, id=17184, stack(0x00000064e8600000,0x00000064e8700000) (1024K)]
  0x0000018cf32b68f0 JavaThread "Compiler Source File Reader" daemon [_thread_blocked, id=28972, stack(0x00000064e8700000,0x00000064e8800000) (1024K)]
  0x0000018cf32b4eb0 JavaThread "Compiler Source File Reader" daemon [_thread_blocked, id=10956, stack(0x00000064e8800000,0x00000064e8900000) (1024K)]
  0x0000018cf32b9050 JavaThread "Compiler Processing Task"   daemon [_thread_blocked, id=31112, stack(0x00000064e8900000,0x00000064e8a00000) (1024K)]
  0x0000018cf32b5bd0 JavaThread "Compiler Class File Writer" daemon [_thread_blocked, id=2216, stack(0x00000064e8a00000,0x00000064e8b00000) (1024K)]
  0x0000018cf32b96e0 JavaThread "Compiler Class File Writer" daemon [_thread_blocked, id=8412, stack(0x00000064e8b00000,0x00000064e8c00000) (1024K)]
  0x0000018cf32baa90 JavaThread "Compiler Class File Writer" daemon [_thread_blocked, id=24572, stack(0x00000064e8c00000,0x00000064e8d00000) (1024K)]
  0x0000018cf32b9d70 JavaThread "Compiler Class File Writer" daemon [_thread_blocked, id=21804, stack(0x00000064e8d00000,0x00000064e8e00000) (1024K)]
  0x0000018cf32bc4d0 JavaThread "Compiler Class File Writer" daemon [_thread_blocked, id=3180, stack(0x00000064e8e00000,0x00000064e8f00000) (1024K)]
  0x0000018cf32bbe40 JavaThread "Compiler Class File Writer" daemon [_thread_blocked, id=32376, stack(0x00000064e8f00000,0x00000064e9000000) (1024K)]
  0x0000018cf32bb120 JavaThread "Compiler Class File Writer" daemon [_thread_blocked, id=25552, stack(0x00000064e9000000,0x00000064e9100000) (1024K)]
  0x0000018cf32ba400 JavaThread "Compiler Class File Writer" daemon [_thread_blocked, id=12920, stack(0x00000064e9100000,0x00000064e9200000) (1024K)]
  0x0000018cf32bb7b0 JavaThread "Compiler Class File Writer" daemon [_thread_blocked, id=5352, stack(0x00000064e9200000,0x00000064e9300000) (1024K)]
  0x0000018cf8be57c0 JavaThread "Compiler Class File Writer" daemon [_thread_blocked, id=32036, stack(0x00000064e9300000,0x00000064e9400000) (1024K)]
  0x0000018cf8be7f20 JavaThread "Compiler Class File Writer" daemon [_thread_blocked, id=21820, stack(0x00000064e9400000,0x00000064e9500000) (1024K)]
  0x0000018cf8be7890 JavaThread "Compiler Class File Writer" daemon [_thread_blocked, id=32656, stack(0x00000064e9500000,0x00000064e9600000) (1024K)]
  0x0000018cf8be7200 JavaThread "Compiler Class File Writer" daemon [_thread_blocked, id=21884, stack(0x00000064e9600000,0x00000064e9700000) (1024K)]
  0x0000018cf8be85b0 JavaThread "Compiler Class File Writer" daemon [_thread_blocked, id=16276, stack(0x00000064e9700000,0x00000064e9800000) (1024K)]
  0x0000018cf8be5e50 JavaThread "Compiler Class File Writer" daemon [_thread_blocked, id=26412, stack(0x00000064e9800000,0x00000064e9900000) (1024K)]
  0x0000018cf8be8c40 JavaThread "Compiler Class File Writer" daemon [_thread_blocked, id=10780, stack(0x00000064e9900000,0x00000064e9a00000) (1024K)]
  0x0000018cf8be92d0 JavaThread "Compiler Class File Writer" daemon [_thread_blocked, id=19804, stack(0x00000064e9a00000,0x00000064e9b00000) (1024K)]
  0x0000018cf8be9960 JavaThread "Compiler Class File Writer" daemon [_thread_blocked, id=21848, stack(0x00000064e9b00000,0x00000064e9c00000) (1024K)]
  0x0000018cf8be64e0 JavaThread "Compiler Class File Writer" daemon [_thread_blocked, id=16264, stack(0x00000064e9c00000,0x00000064e9d00000) (1024K)]
  0x0000018cf8be9ff0 JavaThread "Compiler Class File Writer" daemon [_thread_blocked, id=8384, stack(0x00000064e9d00000,0x00000064e9e00000) (1024K)]
  0x0000018cf8be6b70 JavaThread "Compiler Class File Writer" daemon [_thread_blocked, id=15520, stack(0x00000064e9e00000,0x00000064e9f00000) (1024K)]
  0x0000018cf8beb3a0 JavaThread "Compiler Class File Writer" daemon [_thread_blocked, id=25776, stack(0x00000064e9f00000,0x00000064ea000000) (1024K)]
  0x0000018cf8bec0c0 JavaThread "Compiler Class File Writer" daemon [_thread_blocked, id=15308, stack(0x00000064ea000000,0x00000064ea100000) (1024K)]
  0x0000018cf8bea680 JavaThread "Compiler Class File Writer" daemon [_thread_blocked, id=21388, stack(0x00000064ea100000,0x00000064ea200000) (1024K)]
  0x0000018cf8bec750 JavaThread "Compiler Class File Writer" daemon [_thread_blocked, id=30920, stack(0x00000064ea200000,0x00000064ea300000) (1024K)]
  0x0000018cf8beba30 JavaThread "Compiler Class File Writer" daemon [_thread_blocked, id=11552, stack(0x00000064ea300000,0x00000064ea400000) (1024K)]
  0x0000018cf8bead10 JavaThread "Compiler Class File Writer" daemon [_thread_blocked, id=21044, stack(0x00000064ea400000,0x00000064ea500000) (1024K)]
  0x0000018cf70535d0 JavaThread "Compiler Class File Writer" daemon [_thread_blocked, id=25728, stack(0x00000064ea500000,0x00000064ea600000) (1024K)]
  0x0000018cf7052f40 JavaThread "Compiler Class File Writer" daemon [_thread_blocked, id=18132, stack(0x00000064ea600000,0x00000064ea700000) (1024K)]
  0x0000018cf70542f0 JavaThread "Compiler Class File Writer" daemon [_thread_blocked, id=9996, stack(0x00000064ea700000,0x00000064ea800000) (1024K)]
  0x0000018cf4ce6640 JavaThread "LocalFile Deleter"          daemon [_thread_blocked, id=31196, stack(0x00000064e7500000,0x00000064e7600000) (1024K)]
  0x0000018cf4ce31c0 JavaThread "LocalFile Deleter"          daemon [_thread_blocked, id=7796, stack(0x00000064e7600000,0x00000064e7700000) (1024K)]
  0x0000018cf4ce6cd0 JavaThread "LocalFile Deleter"          daemon [_thread_blocked, id=26892, stack(0x00000064e7700000,0x00000064e7800000) (1024K)]
  0x0000018cf4cea150 JavaThread "LocalFile Deleter"          daemon [_thread_blocked, id=27208, stack(0x00000064ea800000,0x00000064ea900000) (1024K)]
  0x0000018cf4ce79f0 JavaThread "LocalFile Deleter"          daemon [_thread_blocked, id=21472, stack(0x00000064ea900000,0x00000064eaa00000) (1024K)]
  0x0000018cf4ce9430 JavaThread "LocalFile Deleter"          daemon [_thread_blocked, id=12312, stack(0x00000064eaa00000,0x00000064eab00000) (1024K)]
  0x0000018cf4ce8080 JavaThread "LocalFile Deleter"          daemon [_thread_blocked, id=16116, stack(0x00000064eab00000,0x00000064eac00000) (1024K)]
  0x0000018cf4cea7e0 JavaThread "LocalFile Deleter"          daemon [_thread_blocked, id=6532, stack(0x00000064eac00000,0x00000064ead00000) (1024K)]
  0x0000018cf4ce7360 JavaThread "LocalFile Deleter"          daemon [_thread_blocked, id=2704, stack(0x00000064ead00000,0x00000064eae00000) (1024K)]
  0x0000018cf4ce8710 JavaThread "LocalFile Deleter"          daemon [_thread_blocked, id=10376, stack(0x00000064eae00000,0x00000064eaf00000) (1024K)]
  0x0000018cf4ce8da0 JavaThread "LocalFile Deleter"          daemon [_thread_blocked, id=14396, stack(0x00000064eaf00000,0x00000064eb000000) (1024K)]
  0x0000018cf4ce9ac0 JavaThread "LocalFile Deleter"          daemon [_thread_blocked, id=14640, stack(0x00000064eb000000,0x00000064eb100000) (1024K)]
  0x0000018cf7054980 JavaThread "LocalFile Deleter"          daemon [_thread_blocked, id=3144, stack(0x00000064eb100000,0x00000064eb200000) (1024K)]
  0x0000018cf7055010 JavaThread "LocalFile Deleter"          daemon [_thread_blocked, id=13504, stack(0x00000064eb200000,0x00000064eb300000) (1024K)]
  0x0000018cf70556a0 JavaThread "LocalFile Deleter"          daemon [_thread_blocked, id=4240, stack(0x00000064eb300000,0x00000064eb400000) (1024K)]
  0x0000018cf7055d30 JavaThread "LocalFile Deleter"          daemon [_thread_blocked, id=15140, stack(0x00000064eb400000,0x00000064eb500000) (1024K)]
  0x0000018cf202cad0 JavaThread "LocalFile Deleter"          daemon [_thread_blocked, id=27444, stack(0x00000064eb500000,0x00000064eb600000) (1024K)]
  0x0000018cf35defb0 JavaThread "LocalFile Deleter"          daemon [_thread_blocked, id=10280, stack(0x00000064eb600000,0x00000064eb700000) (1024K)]
  0x0000018cf35e1da0 JavaThread "LocalFile Deleter"          daemon [_thread_blocked, id=29956, stack(0x00000064eb700000,0x00000064eb800000) (1024K)]
  0x0000018cf35e09f0 JavaThread "LocalFile Deleter"          daemon [_thread_blocked, id=10920, stack(0x00000064eb800000,0x00000064eb900000) (1024K)]
  0x0000018cf35e1080 JavaThread "LocalFile Deleter"          daemon [_thread_blocked, id=25564, stack(0x00000064eb900000,0x00000064eba00000) (1024K)]
  0x0000018cf35e1710 JavaThread "LocalFile Deleter"          daemon [_thread_blocked, id=19132, stack(0x00000064eba00000,0x00000064ebb00000) (1024K)]
  0x0000018cf35de920 JavaThread "LocalFile Deleter"          daemon [_thread_blocked, id=14292, stack(0x00000064ebb00000,0x00000064ebc00000) (1024K)]
  0x0000018cf35e2430 JavaThread "LocalFile Deleter"          daemon [_thread_blocked, id=21128, stack(0x00000064ebc00000,0x00000064ebd00000) (1024K)]
  0x0000018cf35e2ac0 JavaThread "LocalFile Deleter"          daemon [_thread_blocked, id=7624, stack(0x00000064ebd00000,0x00000064ebe00000) (1024K)]
  0x0000018cf35df640 JavaThread "LocalFile Deleter"          daemon [_thread_blocked, id=11852, stack(0x00000064ebe00000,0x00000064ebf00000) (1024K)]
  0x0000018cf35e3150 JavaThread "LocalFile Deleter"          daemon [_thread_blocked, id=26304, stack(0x00000064ebf00000,0x00000064ec000000) (1024K)]
  0x0000018cf35dfcd0 JavaThread "LocalFile Deleter"          daemon [_thread_blocked, id=1680, stack(0x00000064ec000000,0x00000064ec100000) (1024K)]
  0x0000018cf35e37e0 JavaThread "LocalFile Deleter"          daemon [_thread_blocked, id=10852, stack(0x00000064ec100000,0x00000064ec200000) (1024K)]
  0x0000018cf35e0360 JavaThread "LocalFile Deleter"          daemon [_thread_blocked, id=21892, stack(0x00000064ec200000,0x00000064ec300000) (1024K)]
  0x0000018cf35e3e70 JavaThread "LocalFile Deleter"          daemon [_thread_blocked, id=31524, stack(0x00000064ec300000,0x00000064ec400000) (1024K)]
  0x0000018cf35e4500 JavaThread "LocalFile Deleter"          daemon [_thread_blocked, id=12300, stack(0x00000064ec400000,0x00000064ec500000) (1024K)]
  0x0000018cf35e58b0 JavaThread "ForkJoinPool.commonPool-worker-1" daemon [_thread_blocked, id=31404, stack(0x00000064e3400000,0x00000064e3500000) (1024K)]
  0x0000018cf35e5f40 JavaThread "ForkJoinPool.commonPool-worker-2" daemon [_thread_blocked, id=10160, stack(0x00000064e3500000,0x00000064e3600000) (1024K)]
  0x0000018cf4ce4c00 JavaThread "ForkJoinPool.commonPool-worker-3" daemon [_thread_blocked, id=19628, stack(0x00000064e3900000,0x00000064e3a00000) (1024K)]
  0x0000018cf7892bf0 JavaThread "ForkJoinPool.commonPool-worker-4" daemon [_thread_blocked, id=9560, stack(0x00000064e3a00000,0x00000064e3b00000) (1024K)]
  0x0000018cf7894630 JavaThread "ForkJoinPool.commonPool-worker-5" daemon [_thread_blocked, id=14056, stack(0x00000064e4300000,0x00000064e4400000) (1024K)]
  0x0000018cf7892560 JavaThread "ForkJoinPool.commonPool-worker-6" daemon [_thread_blocked, id=25016, stack(0x00000064e4400000,0x00000064e4500000) (1024K)]
  0x0000018cf7894cc0 JavaThread "ForkJoinPool.commonPool-worker-7" daemon [_thread_blocked, id=15740, stack(0x00000064e7300000,0x00000064e7400000) (1024K)]
  0x0000018cf7893910 JavaThread "ForkJoinPool.commonPool-worker-8" daemon [_thread_blocked, id=30388, stack(0x00000064e7400000,0x00000064e7500000) (1024K)]
  0x0000018cf78959e0 JavaThread "ForkJoinPool.commonPool-worker-10" daemon [_thread_blocked, id=22500, stack(0x00000064ec500000,0x00000064ec600000) (1024K)]
  0x0000018cf7893280 JavaThread "ForkJoinPool.commonPool-worker-9" daemon [_thread_blocked, id=26756, stack(0x00000064ec600000,0x00000064ec700000) (1024K)]
  0x0000018cf7896070 JavaThread "ForkJoinPool.commonPool-worker-11" daemon [_thread_blocked, id=16252, stack(0x00000064ec700000,0x00000064ec800000) (1024K)]
  0x0000018cf7895350 JavaThread "ForkJoinPool.commonPool-worker-12" daemon [_thread_blocked, id=21172, stack(0x00000064ec800000,0x00000064ec900000) (1024K)]
  0x0000018cf7896700 JavaThread "ForkJoinPool.commonPool-worker-14" daemon [_thread_blocked, id=17076, stack(0x00000064ec900000,0x00000064eca00000) (1024K)]
  0x0000018cf7896d90 JavaThread "ForkJoinPool.commonPool-worker-13" daemon [_thread_blocked, id=31900, stack(0x00000064eca00000,0x00000064ecb00000) (1024K)]
  0x0000018cf7897420 JavaThread "ForkJoinPool.commonPool-worker-15" daemon [_thread_blocked, id=15492, stack(0x00000064ecb00000,0x00000064ecc00000) (1024K)]
  0x0000018cf7893fa0 JavaThread "ForkJoinPool.commonPool-worker-16" daemon [_thread_blocked, id=18072, stack(0x00000064ecc00000,0x00000064ecd00000) (1024K)]
  0x0000018cf7897ab0 JavaThread "ForkJoinPool.commonPool-worker-17" daemon [_thread_blocked, id=26700, stack(0x00000064ecd00000,0x00000064ece00000) (1024K)]
  0x0000018cf7898140 JavaThread "ForkJoinPool.commonPool-worker-18" daemon [_thread_blocked, id=18032, stack(0x00000064ece00000,0x00000064ecf00000) (1024K)]
  0x0000018cf78987d0 JavaThread "ForkJoinPool.commonPool-worker-19" daemon [_thread_blocked, id=12064, stack(0x00000064ecf00000,0x00000064ed000000) (1024K)]
  0x0000018cf7898e60 JavaThread "ForkJoinPool.commonPool-worker-20" daemon [_thread_blocked, id=22624, stack(0x00000064ed000000,0x00000064ed100000) (1024K)]
  0x0000018cf78994f0 JavaThread "ForkJoinPool.commonPool-worker-21" daemon [_thread_blocked, id=10268, stack(0x00000064ed100000,0x00000064ed200000) (1024K)]
  0x0000018cf7899b80 JavaThread "ForkJoinPool.commonPool-worker-23" daemon [_thread_blocked, id=27000, stack(0x00000064ed200000,0x00000064ed300000) (1024K)]
  0x0000018cf2d0ff40 JavaThread "ForkJoinPool.commonPool-worker-22" daemon [_thread_blocked, id=21296, stack(0x00000064ed300000,0x00000064ed400000) (1024K)]
  0x0000018cf2d0e500 JavaThread "ForkJoinPool.commonPool-worker-24" daemon [_thread_blocked, id=9420, stack(0x00000064ed400000,0x00000064ed500000) (1024K)]
  0x0000018cf2d0de70 JavaThread "ForkJoinPool.commonPool-worker-25" daemon [_thread_blocked, id=15512, stack(0x00000064ed500000,0x00000064ed600000) (1024K)]
  0x0000018cf2d112f0 JavaThread "ForkJoinPool.commonPool-worker-26" daemon [_thread_blocked, id=24176, stack(0x00000064ed600000,0x00000064ed700000) (1024K)]
  0x0000018cf2d12010 JavaThread "ForkJoinPool.commonPool-worker-27" daemon [_thread_blocked, id=19760, stack(0x00000064ed700000,0x00000064ed800000) (1024K)]
  0x0000018cf2d0f220 JavaThread "ForkJoinPool.commonPool-worker-28" daemon [_thread_blocked, id=30072, stack(0x00000064ed800000,0x00000064ed900000) (1024K)]
  0x0000018cf2d0f8b0 JavaThread "ForkJoinPool.commonPool-worker-29" daemon [_thread_blocked, id=15172, stack(0x00000064ed900000,0x00000064eda00000) (1024K)]
  0x0000018cf2d105d0 JavaThread "ForkJoinPool.commonPool-worker-30" daemon [_thread_blocked, id=17680, stack(0x00000064eda00000,0x00000064edb00000) (1024K)]
  0x0000018cf2d10c60 JavaThread "ForkJoinPool.commonPool-worker-31" daemon [_thread_blocked, id=32412, stack(0x00000064edb00000,0x00000064edc00000) (1024K)]
=>0x0000018cf906d660 JavaThread "C2 CompilerThread1"         daemon [_thread_in_native, id=2520, stack(0x00000064e3100000,0x00000064e3200000) (1024K)]
  0x0000018cfb5a8330 JavaThread "C1 CompilerThread1"         daemon [_thread_blocked, id=26208, stack(0x00000064e2300000,0x00000064e2400000) (1024K)]
  0x0000018cf8d9d0a0 JavaThread "C1 CompilerThread2"         daemon [_thread_blocked, id=5400, stack(0x00000064e3300000,0x00000064e3400000) (1024K)]
  0x0000018cf77eca50 JavaThread "C1 CompilerThread3"         daemon [_thread_blocked, id=18452, stack(0x00000064edc00000,0x00000064edd00000) (1024K)]
  0x0000018cf77ed120 JavaThread "C1 CompilerThread4"         daemon [_thread_blocked, id=7952, stack(0x00000064edd00000,0x00000064ede00000) (1024K)]
  0x0000018cf372f730 JavaThread "C2 CompilerThread2"         daemon [_thread_blocked, id=15296, stack(0x00000064ede00000,0x00000064edf00000) (1024K)]
  0x0000018cf9bb2150 JavaThread "C2 CompilerThread3"         daemon [_thread_blocked, id=32272, stack(0x00000064edf00000,0x00000064ee000000) (1024K)]
Total: 179

Other Threads:
  0x0000018c913136b0 VMThread "VM Thread"                           [id=11220, stack(0x00000064e1500000,0x00000064e1600000) (1024K)]
  0x0000018c9124cb30 WatcherThread "VM Periodic Task Thread"        [id=32592, stack(0x00000064e1400000,0x00000064e1500000) (1024K)]
  0x0000018c91405650 WorkerThread "GC Thread#0"                     [id=11992, stack(0x00000064e1300000,0x00000064e1400000) (1024K)]
  0x0000018cf2ad7a20 WorkerThread "GC Thread#1"                     [id=25936, stack(0x00000064e2400000,0x00000064e2500000) (1024K)]
  0x0000018cf2a2e430 WorkerThread "GC Thread#2"                     [id=2608, stack(0x00000064e2500000,0x00000064e2600000) (1024K)]
  0x0000018cf283e0a0 WorkerThread "GC Thread#3"                     [id=30396, stack(0x00000064e2600000,0x00000064e2700000) (1024K)]
  0x0000018cf283e440 WorkerThread "GC Thread#4"                     [id=20732, stack(0x00000064e2700000,0x00000064e2800000) (1024K)]
  0x0000018cf283e7e0 WorkerThread "GC Thread#5"                     [id=12376, stack(0x00000064e2800000,0x00000064e2900000) (1024K)]
  0x0000018cf283eb80 WorkerThread "GC Thread#6"                     [id=31356, stack(0x00000064e2900000,0x00000064e2a00000) (1024K)]
  0x0000018cf257d870 WorkerThread "GC Thread#7"                     [id=24456, stack(0x00000064e2c00000,0x00000064e2d00000) (1024K)]
  0x0000018cf27e0b20 WorkerThread "GC Thread#8"                     [id=1956, stack(0x00000064e2a00000,0x00000064e2b00000) (1024K)]
  0x0000018cf27e0ec0 WorkerThread "GC Thread#9"                     [id=31260, stack(0x00000064e2d00000,0x00000064e2e00000) (1024K)]
  0x0000018cf27df560 WorkerThread "GC Thread#10"                    [id=32060, stack(0x00000064e2e00000,0x00000064e2f00000) (1024K)]
  0x0000018cf27e03e0 WorkerThread "GC Thread#11"                    [id=2800, stack(0x00000064e3200000,0x00000064e3300000) (1024K)]
  0x0000018cf27dfca0 WorkerThread "GC Thread#12"                    [id=6884, stack(0x00000064e3700000,0x00000064e3800000) (1024K)]
  0x0000018cf2250550 WorkerThread "GC Thread#13"                    [id=26148, stack(0x00000064e3800000,0x00000064e3900000) (1024K)]
  0x0000018cf2251770 WorkerThread "GC Thread#14"                    [id=4224, stack(0x00000064e3e00000,0x00000064e3f00000) (1024K)]
  0x0000018cf22508f0 WorkerThread "GC Thread#15"                    [id=32676, stack(0x00000064e3f00000,0x00000064e4000000) (1024K)]
  0x0000018cf224fe10 WorkerThread "GC Thread#16"                    [id=7124, stack(0x00000064e4000000,0x00000064e4100000) (1024K)]
  0x0000018cf224e850 WorkerThread "GC Thread#17"                    [id=3840, stack(0x00000064e4100000,0x00000064e4200000) (1024K)]
  0x0000018cf224ebf0 WorkerThread "GC Thread#18"                    [id=6424, stack(0x00000064e4500000,0x00000064e4600000) (1024K)]
  0x0000018cf2251b10 WorkerThread "GC Thread#19"                    [id=32064, stack(0x00000064e4600000,0x00000064e4700000) (1024K)]
  0x0000018cf22501b0 WorkerThread "GC Thread#20"                    [id=3116, stack(0x00000064e4700000,0x00000064e4800000) (1024K)]
  0x0000018cf581f040 WorkerThread "GC Thread#21"                    [id=31984, stack(0x00000064e4b00000,0x00000064e4c00000) (1024K)]
  0x0000018cf581e1c0 WorkerThread "GC Thread#22"                    [id=16300, stack(0x00000064e4c00000,0x00000064e4d00000) (1024K)]
Total: 25

Threads with active compile tasks:
C2 CompilerThread1  30739 16002       4       org.eclipse.osgi.container.ModuleDatabase$Persistence::addMap (289 bytes)
Total: 1

VM state: not at safepoint (normal execution)

VM Mutex/Monitor currently owned by a thread: None

Heap address: 0x0000000080000000, size: 2048 MB, Compressed Oops mode: 32-bit

CDS archive(s) mapped at: [0x0000018ca8000000-0x0000018ca8ba0000-0x0000018ca8ba0000), size 12189696, SharedBaseAddress: 0x0000018ca8000000, ArchiveRelocationMode: 1.
Compressed class space mapped at: 0x0000018ca9000000-0x0000018ce9000000, reserved size: 1073741824
Narrow klass base: 0x0000018ca8000000, Narrow klass shift: 0, Narrow klass range: 0x100000000

GC Precious Log:
 CardTable entry size: 512
 CPUs: 32 total, 32 available
 Memory: 32426M
 Large Page Support: Disabled
 NUMA Support: Disabled
 Compressed Oops: Enabled (32-bit)
 Alignments: Space 512K, Generation 512K, Heap 2M
 Heap Min Capacity: 100M
 Heap Initial Capacity: 100M
 Heap Max Capacity: 2G
 Pre-touch: Disabled
 Parallel Workers: 23

Heap:
 PSYoungGen      total 6144K, used 2468K [0x00000000d5580000, 0x00000000d5c80000, 0x0000000100000000)
  eden space 5120K, 33% used [0x00000000d5580000,0x00000000d5731160,0x00000000d5a80000)
  from space 1024K, 71% used [0x00000000d5a80000,0x00000000d5b38000,0x00000000d5b80000)
  to   space 1024K, 0% used [0x00000000d5b80000,0x00000000d5b80000,0x00000000d5c80000)
 ParOldGen       total 987136K, used 986752K [0x0000000080000000, 0x00000000bc400000, 0x00000000d5580000)
  object space 987136K, 99% used [0x0000000080000000,0x00000000bc3a0168,0x00000000bc400000)
 Metaspace       used 69789K, committed 71360K, reserved 1114112K
  class space    used 7261K, committed 7936K, reserved 1048576K

Card table byte_map: [0x0000018c90d20000,0x0000018c91130000] _byte_map_base: 0x0000018c90920000

Marking Bits: (ParMarkBitMap*) 0x00007ffe5da7a340
 Begin Bits: [0x0000018ca3820000, 0x0000018ca5820000)
 End Bits:   [0x0000018ca5820000, 0x0000018ca7820000)

Polling page: 0x0000018c8ed10000

Metaspace:

Usage:
  Non-class:     61.06 MB used.
      Class:      7.09 MB used.
       Both:     68.15 MB used.

Virtual space:
  Non-class space:       64.00 MB reserved,      61.94 MB ( 97%) committed,  1 nodes.
      Class space:        1.00 GB reserved,       7.75 MB ( <1%) committed,  1 nodes.
             Both:        1.06 GB reserved,      69.69 MB (  6%) committed. 

Chunk freelists:
   Non-Class:  1.64 MB
       Class:  8.11 MB
        Both:  9.75 MB

MaxMetaspaceSize: unlimited
CompressedClassSpaceSize: 1.00 GB
Initial GC threshold: 21.00 MB
Current GC threshold: 97.31 MB
CDS: on
 - commit_granule_bytes: 65536.
 - commit_granule_words: 8192.
 - virtual_space_node_default_size: 8388608.
 - enlarge_chunks_in_place: 1.
 - use_allocation_guard: 0.


Internal statistics:

num_allocs_failed_limit: 9.
num_arena_births: 1370.
num_arena_deaths: 14.
num_vsnodes_births: 2.
num_vsnodes_deaths: 0.
num_space_committed: 1115.
num_space_uncommitted: 0.
num_chunks_returned_to_freelist: 23.
num_chunks_taken_from_freelist: 4857.
num_chunk_merges: 13.
num_chunk_splits: 2892.
num_chunks_enlarged: 1463.
num_inconsistent_stats: 0.

CodeHeap 'non-profiled nmethods': size=118848Kb used=16128Kb max_used=16128Kb free=102719Kb
 bounds [0x0000018c9c160000, 0x0000018c9d130000, 0x0000018ca3570000]
CodeHeap 'profiled nmethods': size=118848Kb used=37461Kb max_used=37461Kb free=81386Kb
 bounds [0x0000018c94570000, 0x0000018c96a10000, 0x0000018c9b980000]
CodeHeap 'non-nmethods': size=8064Kb used=3711Kb max_used=3799Kb free=4352Kb
 bounds [0x0000018c9b980000, 0x0000018c9bd50000, 0x0000018c9c160000]
CodeCache: size=245760Kb, used=57300Kb, max_used=57388Kb, free=188457Kb
 total_blobs=15969, nmethods=15194, adapters=676, full_count=0
Compilation: enabled, stopped_count=0, restarted_count=0

Compilation events (20 events):
Event: 30.633 Thread 0x0000018ce9cfdba0 nmethod 16038 0x0000018c969f2c90 code [0x0000018c969f2f00, 0x0000018c969f3b50]
Event: 30.633 Thread 0x0000018cf372f730 16037       4       java.util.Collections$SingletonMap::get (20 bytes)
Event: 30.634 Thread 0x0000018ce9cf6b00 16022       4       java.io.DataOutputStream::writeByte (14 bytes)
Event: 30.634 Thread 0x0000018cf77eca50 nmethod 16033 0x0000018c969f3f10 code [0x0000018c969f4840, 0x0000018c969f9e88]
Event: 30.635 Thread 0x0000018cf372f730 nmethod 16037 0x0000018c9d115410 code [0x0000018c9d1155a0, 0x0000018c9d1157e8]
Event: 30.635 Thread 0x0000018cf372f730 16023       4       org.eclipse.osgi.container.ModuleDatabase$Persistence::writeString (99 bytes)
Event: 30.636 Thread 0x0000018cf77ed120 nmethod 16040 0x0000018c969fbb10 code [0x0000018c969fc5e0, 0x0000018c96a03678]
Event: 30.637 Thread 0x0000018ce9cf6b00 nmethod 16022 0x0000018c9d115910 code [0x0000018c9d115b20, 0x0000018c9d116070]
Event: 30.637 Thread 0x0000018ce9cf6b00 16012       4       java.util.Collections$UnmodifiableCollection::<init> (22 bytes)
Event: 30.637 Thread 0x0000018ce9cf6b00 nmethod 16012 0x0000018c9d116610 code [0x0000018c9d1167a0, 0x0000018c9d116860]
Event: 30.637 Thread 0x0000018ce9cf6b00 16028       4       org.eclipse.osgi.container.ModuleDatabase$Persistence::addToWriteTable (77 bytes)
Event: 30.640 Thread 0x0000018cf9bb2150 nmethod 16019 0x0000018c9d116910 code [0x0000018c9d116be0, 0x0000018c9d117dc0]
Event: 30.640 Thread 0x0000018cf9bb2150 16031       4       java.util.Collections$UnmodifiableMap::hashCode (10 bytes)
Event: 30.643 Thread 0x0000018ce9cf6b00 nmethod 16028 0x0000018c9d118b10 code [0x0000018c9d118d40, 0x0000018c9d119748]
Event: 30.643 Thread 0x0000018ce9cf6b00 16041   !   4       sun.nio.ch.NativeThreadSet::remove (90 bytes)
Event: 30.644 Thread 0x0000018ce9cf6b00 nmethod 16041 0x0000018c9d119f90 code [0x0000018c9d11a120, 0x0000018c9d11a390]
Event: 30.644 Thread 0x0000018ce9cf6b00 16018       4       org.osgi.framework.Version::hashCode (65 bytes)
Event: 30.644 Thread 0x0000018ce9cf6b00 nmethod 16018 0x0000018c9d11a510 code [0x0000018c9d11a6a0, 0x0000018c9d11a7d8]
Event: 30.646 Thread 0x0000018cf9bb2150 nmethod 16031 0x0000018c9d11a890 code [0x0000018c9d11aa60, 0x0000018c9d11b0c8]
Event: 30.655 Thread 0x0000018cf372f730 nmethod 16023 0x0000018c9d11b610 code [0x0000018c9d11bac0, 0x0000018c9d11e458]

GC Heap History (20 events):
Event: 29.698 GC heap before
{Heap before GC invocations=1233 (full 3):
 PSYoungGen      total 5632K, used 5632K [0x00000000d5580000, 0x00000000d5c80000, 0x0000000100000000)
  eden space 5120K, 100% used [0x00000000d5580000,0x00000000d5a80000,0x00000000d5a80000)
  from space 512K, 100% used [0x00000000d5b00000,0x00000000d5b80000,0x00000000d5b80000)
  to   space 1024K, 0% used [0x00000000d5b80000,0x00000000d5b80000,0x00000000d5c80000)
 ParOldGen       total 984576K, used 984312K [0x0000000080000000, 0x00000000bc180000, 0x00000000d5580000)
  object space 984576K, 99% used [0x0000000080000000,0x00000000bc13e158,0x00000000bc180000)
 Metaspace       used 69654K, committed 71232K, reserved 1114112K
  class space    used 7260K, committed 7936K, reserved 1048576K
}
Event: 29.699 GC heap after
{Heap after GC invocations=1233 (full 3):
 PSYoungGen      total 6144K, used 800K [0x00000000d5580000, 0x00000000d5c80000, 0x0000000100000000)
  eden space 5120K, 0% used [0x00000000d5580000,0x00000000d5580000,0x00000000d5a80000)
  from space 1024K, 78% used [0x00000000d5b80000,0x00000000d5c48000,0x00000000d5c80000)
  to   space 1024K, 0% used [0x00000000d5a80000,0x00000000d5a80000,0x00000000d5b80000)
 ParOldGen       total 984576K, used 984360K [0x0000000080000000, 0x00000000bc180000, 0x00000000d5580000)
  object space 984576K, 99% used [0x0000000080000000,0x00000000bc14a158,0x00000000bc180000)
 Metaspace       used 69654K, committed 71232K, reserved 1114112K
  class space    used 7260K, committed 7936K, reserved 1048576K
}
Event: 29.714 GC heap before
{Heap before GC invocations=1234 (full 3):
 PSYoungGen      total 6144K, used 5514K [0x00000000d5580000, 0x00000000d5c80000, 0x0000000100000000)
  eden space 5120K, 92% used [0x00000000d5580000,0x00000000d5a1aa68,0x00000000d5a80000)
  from space 1024K, 78% used [0x00000000d5b80000,0x00000000d5c48000,0x00000000d5c80000)
  to   space 1024K, 0% used [0x00000000d5a80000,0x00000000d5a80000,0x00000000d5b80000)
 ParOldGen       total 984576K, used 984360K [0x0000000080000000, 0x00000000bc180000, 0x00000000d5580000)
  object space 984576K, 99% used [0x0000000080000000,0x00000000bc14a158,0x00000000bc180000)
 Metaspace       used 69678K, committed 71296K, reserved 1114112K
  class space    used 7260K, committed 7936K, reserved 1048576K
}
Event: 29.714 GC heap after
{Heap after GC invocations=1234 (full 3):
 PSYoungGen      total 6144K, used 576K [0x00000000d5580000, 0x00000000d5c80000, 0x0000000100000000)
  eden space 5120K, 0% used [0x00000000d5580000,0x00000000d5580000,0x00000000d5a80000)
  from space 1024K, 56% used [0x00000000d5a80000,0x00000000d5b10000,0x00000000d5b80000)
  to   space 1024K, 0% used [0x00000000d5b80000,0x00000000d5b80000,0x00000000d5c80000)
 ParOldGen       total 985088K, used 984880K [0x0000000080000000, 0x00000000bc200000, 0x00000000d5580000)
  object space 985088K, 99% used [0x0000000080000000,0x00000000bc1cc158,0x00000000bc200000)
 Metaspace       used 69678K, committed 71296K, reserved 1114112K
  class space    used 7260K, committed 7936K, reserved 1048576K
}
Event: 29.721 GC heap before
{Heap before GC invocations=1235 (full 3):
 PSYoungGen      total 6144K, used 5696K [0x00000000d5580000, 0x00000000d5c80000, 0x0000000100000000)
  eden space 5120K, 100% used [0x00000000d5580000,0x00000000d5a80000,0x00000000d5a80000)
  from space 1024K, 56% used [0x00000000d5a80000,0x00000000d5b10000,0x00000000d5b80000)
  to   space 1024K, 0% used [0x00000000d5b80000,0x00000000d5b80000,0x00000000d5c80000)
 ParOldGen       total 985088K, used 984880K [0x0000000080000000, 0x00000000bc200000, 0x00000000d5580000)
  object space 985088K, 99% used [0x0000000080000000,0x00000000bc1cc158,0x00000000bc200000)
 Metaspace       used 69686K, committed 71296K, reserved 1114112K
  class space    used 7260K, committed 7936K, reserved 1048576K
}
Event: 29.721 GC heap after
{Heap after GC invocations=1235 (full 3):
 PSYoungGen      total 6144K, used 704K [0x00000000d5580000, 0x00000000d5c80000, 0x0000000100000000)
  eden space 5120K, 0% used [0x00000000d5580000,0x00000000d5580000,0x00000000d5a80000)
  from space 1024K, 68% used [0x00000000d5b80000,0x00000000d5c30000,0x00000000d5c80000)
  to   space 1024K, 0% used [0x00000000d5a80000,0x00000000d5a80000,0x00000000d5b80000)
 ParOldGen       total 985600K, used 985096K [0x0000000080000000, 0x00000000bc280000, 0x00000000d5580000)
  object space 985600K, 99% used [0x0000000080000000,0x00000000bc202168,0x00000000bc280000)
 Metaspace       used 69686K, committed 71296K, reserved 1114112K
  class space    used 7260K, committed 7936K, reserved 1048576K
}
Event: 29.728 GC heap before
{Heap before GC invocations=1236 (full 3):
 PSYoungGen      total 6144K, used 5824K [0x00000000d5580000, 0x00000000d5c80000, 0x0000000100000000)
  eden space 5120K, 100% used [0x00000000d5580000,0x00000000d5a80000,0x00000000d5a80000)
  from space 1024K, 68% used [0x00000000d5b80000,0x00000000d5c30000,0x00000000d5c80000)
  to   space 1024K, 0% used [0x00000000d5a80000,0x00000000d5a80000,0x00000000d5b80000)
 ParOldGen       total 985600K, used 985096K [0x0000000080000000, 0x00000000bc280000, 0x00000000d5580000)
  object space 985600K, 99% used [0x0000000080000000,0x00000000bc202168,0x00000000bc280000)
 Metaspace       used 69707K, committed 71296K, reserved 1114112K
  class space    used 7260K, committed 7936K, reserved 1048576K
}
Event: 29.729 GC heap after
{Heap after GC invocations=1236 (full 3):
 PSYoungGen      total 6144K, used 736K [0x00000000d5580000, 0x00000000d5c80000, 0x0000000100000000)
  eden space 5120K, 0% used [0x00000000d5580000,0x00000000d5580000,0x00000000d5a80000)
  from space 1024K, 71% used [0x00000000d5a80000,0x00000000d5b38000,0x00000000d5b80000)
  to   space 1024K, 0% used [0x00000000d5b80000,0x00000000d5b80000,0x00000000d5c80000)
 ParOldGen       total 985600K, used 985528K [0x0000000080000000, 0x00000000bc280000, 0x00000000d5580000)
  object space 985600K, 99% used [0x0000000080000000,0x00000000bc26e168,0x00000000bc280000)
 Metaspace       used 69707K, committed 71296K, reserved 1114112K
  class space    used 7260K, committed 7936K, reserved 1048576K
}
Event: 29.741 GC heap before
{Heap before GC invocations=1237 (full 3):
 PSYoungGen      total 6144K, used 5856K [0x00000000d5580000, 0x00000000d5c80000, 0x0000000100000000)
  eden space 5120K, 100% used [0x00000000d5580000,0x00000000d5a80000,0x00000000d5a80000)
  from space 1024K, 71% used [0x00000000d5a80000,0x00000000d5b38000,0x00000000d5b80000)
  to   space 1024K, 0% used [0x00000000d5b80000,0x00000000d5b80000,0x00000000d5c80000)
 ParOldGen       total 985600K, used 985528K [0x0000000080000000, 0x00000000bc280000, 0x00000000d5580000)
  object space 985600K, 99% used [0x0000000080000000,0x00000000bc26e168,0x00000000bc280000)
 Metaspace       used 69722K, committed 71296K, reserved 1114112K
  class space    used 7260K, committed 7936K, reserved 1048576K
}
Event: 29.742 GC heap after
{Heap after GC invocations=1237 (full 3):
 PSYoungGen      total 6144K, used 608K [0x00000000d5580000, 0x00000000d5c80000, 0x0000000100000000)
  eden space 5120K, 0% used [0x00000000d5580000,0x00000000d5580000,0x00000000d5a80000)
  from space 1024K, 59% used [0x00000000d5b80000,0x00000000d5c18000,0x00000000d5c80000)
  to   space 1024K, 0% used [0x00000000d5a80000,0x00000000d5a80000,0x00000000d5b80000)
 ParOldGen       total 986112K, used 985736K [0x0000000080000000, 0x00000000bc300000, 0x00000000d5580000)
  object space 986112K, 99% used [0x0000000080000000,0x00000000bc2a2168,0x00000000bc300000)
 Metaspace       used 69722K, committed 71296K, reserved 1114112K
  class space    used 7260K, committed 7936K, reserved 1048576K
}
Event: 29.751 GC heap before
{Heap before GC invocations=1238 (full 3):
 PSYoungGen      total 6144K, used 5591K [0x00000000d5580000, 0x00000000d5c80000, 0x0000000100000000)
  eden space 5120K, 97% used [0x00000000d5580000,0x00000000d5a5de18,0x00000000d5a80000)
  from space 1024K, 59% used [0x00000000d5b80000,0x00000000d5c18000,0x00000000d5c80000)
  to   space 1024K, 0% used [0x00000000d5a80000,0x00000000d5a80000,0x00000000d5b80000)
 ParOldGen       total 986112K, used 985736K [0x0000000080000000, 0x00000000bc300000, 0x00000000d5580000)
  object space 986112K, 99% used [0x0000000080000000,0x00000000bc2a2168,0x00000000bc300000)
 Metaspace       used 69722K, committed 71296K, reserved 1114112K
  class space    used 7260K, committed 7936K, reserved 1048576K
}
Event: 29.752 GC heap after
{Heap after GC invocations=1238 (full 3):
 PSYoungGen      total 6144K, used 448K [0x00000000d5580000, 0x00000000d5c80000, 0x0000000100000000)
  eden space 5120K, 0% used [0x00000000d5580000,0x00000000d5580000,0x00000000d5a80000)
  from space 1024K, 43% used [0x00000000d5a80000,0x00000000d5af0000,0x00000000d5b80000)
  to   space 1024K, 0% used [0x00000000d5b80000,0x00000000d5b80000,0x00000000d5c80000)
 ParOldGen       total 986112K, used 985896K [0x0000000080000000, 0x00000000bc300000, 0x00000000d5580000)
  object space 986112K, 99% used [0x0000000080000000,0x00000000bc2ca168,0x00000000bc300000)
 Metaspace       used 69722K, committed 71296K, reserved 1114112K
  class space    used 7260K, committed 7936K, reserved 1048576K
}
Event: 29.761 GC heap before
{Heap before GC invocations=1239 (full 3):
 PSYoungGen      total 6144K, used 5568K [0x00000000d5580000, 0x00000000d5c80000, 0x0000000100000000)
  eden space 5120K, 100% used [0x00000000d5580000,0x00000000d5a80000,0x00000000d5a80000)
  from space 1024K, 43% used [0x00000000d5a80000,0x00000000d5af0000,0x00000000d5b80000)
  to   space 1024K, 0% used [0x00000000d5b80000,0x00000000d5b80000,0x00000000d5c80000)
 ParOldGen       total 986112K, used 985896K [0x0000000080000000, 0x00000000bc300000, 0x00000000d5580000)
  object space 986112K, 99% used [0x0000000080000000,0x00000000bc2ca168,0x00000000bc300000)
 Metaspace       used 69725K, committed 71296K, reserved 1114112K
  class space    used 7260K, committed 7936K, reserved 1048576K
}
Event: 29.761 GC heap after
{Heap after GC invocations=1239 (full 3):
 PSYoungGen      total 6144K, used 736K [0x00000000d5580000, 0x00000000d5c80000, 0x0000000100000000)
  eden space 5120K, 0% used [0x00000000d5580000,0x00000000d5580000,0x00000000d5a80000)
  from space 1024K, 71% used [0x00000000d5b80000,0x00000000d5c38000,0x00000000d5c80000)
  to   space 1024K, 0% used [0x00000000d5a80000,0x00000000d5a80000,0x00000000d5b80000)
 ParOldGen       total 986112K, used 986080K [0x0000000080000000, 0x00000000bc300000, 0x00000000d5580000)
  object space 986112K, 99% used [0x0000000080000000,0x00000000bc2f8168,0x00000000bc300000)
 Metaspace       used 69725K, committed 71296K, reserved 1114112K
  class space    used 7260K, committed 7936K, reserved 1048576K
}
Event: 29.771 GC heap before
{Heap before GC invocations=1240 (full 3):
 PSYoungGen      total 6144K, used 5528K [0x00000000d5580000, 0x00000000d5c80000, 0x0000000100000000)
  eden space 5120K, 93% used [0x00000000d5580000,0x00000000d5a2e388,0x00000000d5a80000)
  from space 1024K, 71% used [0x00000000d5b80000,0x00000000d5c38000,0x00000000d5c80000)
  to   space 1024K, 0% used [0x00000000d5a80000,0x00000000d5a80000,0x00000000d5b80000)
 ParOldGen       total 986112K, used 986080K [0x0000000080000000, 0x00000000bc300000, 0x00000000d5580000)
  object space 986112K, 99% used [0x0000000080000000,0x00000000bc2f8168,0x00000000bc300000)
 Metaspace       used 69728K, committed 71296K, reserved 1114112K
  class space    used 7260K, committed 7936K, reserved 1048576K
}
Event: 29.771 GC heap after
{Heap after GC invocations=1240 (full 3):
 PSYoungGen      total 6144K, used 672K [0x00000000d5580000, 0x00000000d5c80000, 0x0000000100000000)
  eden space 5120K, 0% used [0x00000000d5580000,0x00000000d5580000,0x00000000d5a80000)
  from space 1024K, 65% used [0x00000000d5a80000,0x00000000d5b28000,0x00000000d5b80000)
  to   space 1024K, 0% used [0x00000000d5b80000,0x00000000d5b80000,0x00000000d5c80000)
 ParOldGen       total 986624K, used 986432K [0x0000000080000000, 0x00000000bc380000, 0x00000000d5580000)
  object space 986624K, 99% used [0x0000000080000000,0x00000000bc350168,0x00000000bc380000)
 Metaspace       used 69728K, committed 71296K, reserved 1114112K
  class space    used 7260K, committed 7936K, reserved 1048576K
}
Event: 29.783 GC heap before
{Heap before GC invocations=1241 (full 3):
 PSYoungGen      total 6144K, used 5716K [0x00000000d5580000, 0x00000000d5c80000, 0x0000000100000000)
  eden space 5120K, 98% used [0x00000000d5580000,0x00000000d5a6d058,0x00000000d5a80000)
  from space 1024K, 65% used [0x00000000d5a80000,0x00000000d5b28000,0x00000000d5b80000)
  to   space 1024K, 0% used [0x00000000d5b80000,0x00000000d5b80000,0x00000000d5c80000)
 ParOldGen       total 986624K, used 986432K [0x0000000080000000, 0x00000000bc380000, 0x00000000d5580000)
  object space 986624K, 99% used [0x0000000080000000,0x00000000bc350168,0x00000000bc380000)
 Metaspace       used 69735K, committed 71296K, reserved 1114112K
  class space    used 7260K, committed 7936K, reserved 1048576K
}
Event: 29.783 GC heap after
{Heap after GC invocations=1241 (full 3):
 PSYoungGen      total 6144K, used 672K [0x00000000d5580000, 0x00000000d5c80000, 0x0000000100000000)
  eden space 5120K, 0% used [0x00000000d5580000,0x00000000d5580000,0x00000000d5a80000)
  from space 1024K, 65% used [0x00000000d5b80000,0x00000000d5c28000,0x00000000d5c80000)
  to   space 1024K, 0% used [0x00000000d5a80000,0x00000000d5a80000,0x00000000d5b80000)
 ParOldGen       total 986624K, used 986600K [0x0000000080000000, 0x00000000bc380000, 0x00000000d5580000)
  object space 986624K, 99% used [0x0000000080000000,0x00000000bc37a168,0x00000000bc380000)
 Metaspace       used 69735K, committed 71296K, reserved 1114112K
  class space    used 7260K, committed 7936K, reserved 1048576K
}
Event: 30.622 GC heap before
{Heap before GC invocations=1242 (full 3):
 PSYoungGen      total 6144K, used 5791K [0x00000000d5580000, 0x00000000d5c80000, 0x0000000100000000)
  eden space 5120K, 99% used [0x00000000d5580000,0x00000000d5a7ffe8,0x00000000d5a80000)
  from space 1024K, 65% used [0x00000000d5b80000,0x00000000d5c28000,0x00000000d5c80000)
  to   space 1024K, 0% used [0x00000000d5a80000,0x00000000d5a80000,0x00000000d5b80000)
 ParOldGen       total 986624K, used 986600K [0x0000000080000000, 0x00000000bc380000, 0x00000000d5580000)
  object space 986624K, 99% used [0x0000000080000000,0x00000000bc37a168,0x00000000bc380000)
 Metaspace       used 69751K, committed 71360K, reserved 1114112K
  class space    used 7261K, committed 7936K, reserved 1048576K
}
Event: 30.623 GC heap after
{Heap after GC invocations=1242 (full 3):
 PSYoungGen      total 6144K, used 736K [0x00000000d5580000, 0x00000000d5c80000, 0x0000000100000000)
  eden space 5120K, 0% used [0x00000000d5580000,0x00000000d5580000,0x00000000d5a80000)
  from space 1024K, 71% used [0x00000000d5a80000,0x00000000d5b38000,0x00000000d5b80000)
  to   space 1024K, 0% used [0x00000000d5b80000,0x00000000d5b80000,0x00000000d5c80000)
 ParOldGen       total 987136K, used 986752K [0x0000000080000000, 0x00000000bc400000, 0x00000000d5580000)
  object space 987136K, 99% used [0x0000000080000000,0x00000000bc3a0168,0x00000000bc400000)
 Metaspace       used 69751K, committed 71360K, reserved 1114112K
  class space    used 7261K, committed 7936K, reserved 1048576K
}

Dll operation events (10 events):
Event: 0.005 Loaded shared library c:\Users\MrCode\.vscode\extensions\redhat.java-1.44.0-win32-x64\jre\21.0.8-win32-x86_64\bin\java.dll
Event: 0.044 Loaded shared library c:\Users\MrCode\.vscode\extensions\redhat.java-1.44.0-win32-x64\jre\21.0.8-win32-x86_64\bin\zip.dll
Event: 0.057 Loaded shared library C:\Users\MrCode\.vscode\extensions\redhat.java-1.44.0-win32-x64\jre\21.0.8-win32-x86_64\bin\instrument.dll
Event: 0.059 Loaded shared library C:\Users\MrCode\.vscode\extensions\redhat.java-1.44.0-win32-x64\jre\21.0.8-win32-x86_64\bin\net.dll
Event: 0.060 Loaded shared library C:\Users\MrCode\.vscode\extensions\redhat.java-1.44.0-win32-x64\jre\21.0.8-win32-x86_64\bin\nio.dll
Event: 0.062 Loaded shared library C:\Users\MrCode\.vscode\extensions\redhat.java-1.44.0-win32-x64\jre\21.0.8-win32-x86_64\bin\zip.dll
Event: 0.071 Loaded shared library C:\Users\MrCode\.vscode\extensions\redhat.java-1.44.0-win32-x64\jre\21.0.8-win32-x86_64\bin\jimage.dll
Event: 0.109 Loaded shared library c:\Users\MrCode\.vscode\extensions\redhat.java-1.44.0-win32-x64\jre\21.0.8-win32-x86_64\bin\verify.dll
Event: 5.223 Loaded shared library C:\Users\MrCode\AppData\Roaming\Code\User\globalStorage\redhat.java\1.44.0\config_win\org.eclipse.equinox.launcher\org.eclipse.equinox.launcher.win32.win32.x86_64_1.2.1400.v20250730-1736\eclipse_11913.dll
Event: 14.111 Loaded shared library C:\Users\MrCode\AppData\Local\Temp\jna--1983135406\jna3233669366921895128.dll

Deoptimization events (20 events):
Event: 30.618 Thread 0x0000018ce9e57850 Uncommon trap: trap_request=0xffffffde fr.pc=0x0000018c9caaa684 relative=0x00000000000002a4
Event: 30.618 Thread 0x0000018ce9e57850 Uncommon trap: reason=class_check action=maybe_recompile pc=0x0000018c9caaa684 method=java.io.BufferedOutputStream.flushBuffer()V @ 20 c2
Event: 30.618 Thread 0x0000018ce9e57850 DEOPT PACKING pc=0x0000018c9caaa684 sp=0x00000064e2bfebb0
Event: 30.618 Thread 0x0000018ce9e57850 DEOPT UNPACKING pc=0x0000018c9b9d3aa2 sp=0x00000064e2bfeb28 mode 2
Event: 30.618 Thread 0x0000018ce9e57850 Uncommon trap: trap_request=0xffffffde fr.pc=0x0000018c9caaa684 relative=0x00000000000002a4
Event: 30.618 Thread 0x0000018ce9e57850 Uncommon trap: reason=class_check action=maybe_recompile pc=0x0000018c9caaa684 method=java.io.BufferedOutputStream.flushBuffer()V @ 20 c2
Event: 30.619 Thread 0x0000018ce9e57850 DEOPT PACKING pc=0x0000018c9caaa684 sp=0x00000064e2bfebb0
Event: 30.619 Thread 0x0000018ce9e57850 DEOPT UNPACKING pc=0x0000018c9b9d3aa2 sp=0x00000064e2bfeb28 mode 2
Event: 30.619 Thread 0x0000018ce9e57850 Uncommon trap: trap_request=0xffffffde fr.pc=0x0000018c9caaa684 relative=0x00000000000002a4
Event: 30.619 Thread 0x0000018ce9e57850 Uncommon trap: reason=class_check action=maybe_recompile pc=0x0000018c9caaa684 method=java.io.BufferedOutputStream.flushBuffer()V @ 20 c2
Event: 30.619 Thread 0x0000018ce9e57850 DEOPT PACKING pc=0x0000018c9caaa684 sp=0x00000064e2bfeb90
Event: 30.619 Thread 0x0000018ce9e57850 DEOPT UNPACKING pc=0x0000018c9b9d3aa2 sp=0x00000064e2bfeae8 mode 2
Event: 30.619 Thread 0x0000018ce9e57850 Uncommon trap: trap_request=0xffffffde fr.pc=0x0000018c9caaa684 relative=0x00000000000002a4
Event: 30.620 Thread 0x0000018ce9e57850 Uncommon trap: reason=class_check action=maybe_recompile pc=0x0000018c9caaa684 method=java.io.BufferedOutputStream.flushBuffer()V @ 20 c2
Event: 30.620 Thread 0x0000018ce9e57850 DEOPT PACKING pc=0x0000018c9caaa684 sp=0x00000064e2bfeb90
Event: 30.620 Thread 0x0000018ce9e57850 DEOPT UNPACKING pc=0x0000018c9b9d3aa2 sp=0x00000064e2bfeae8 mode 2
Event: 30.624 Thread 0x0000018ce9e57850 Uncommon trap: trap_request=0xffffff45 fr.pc=0x0000018c9c87b7e0 relative=0x0000000000000480
Event: 30.624 Thread 0x0000018ce9e57850 Uncommon trap: reason=unstable_if action=reinterpret pc=0x0000018c9c87b7e0 method=java.util.HashMap.removeNode(ILjava/lang/Object;Ljava/lang/Object;ZZ)Ljava/util/HashMap$Node; @ 62 c2
Event: 30.624 Thread 0x0000018ce9e57850 DEOPT PACKING pc=0x0000018c9c87b7e0 sp=0x00000064e2bfed90
Event: 30.624 Thread 0x0000018ce9e57850 DEOPT UNPACKING pc=0x0000018c9b9d3aa2 sp=0x00000064e2bfec90 mode 2

Classes loaded (20 events):
Event: 20.629 Loading class com/sun/org/apache/xerces/internal/xni/XNIException
Event: 20.629 Loading class com/sun/org/apache/xerces/internal/xni/XNIException done
Event: 20.631 Loading class com/sun/org/apache/xerces/internal/xni/parser/XMLParseException
Event: 20.631 Loading class com/sun/org/apache/xerces/internal/xni/parser/XMLParseException done
Event: 20.690 Loading class java/util/concurrent/ForkJoinTask$AdaptedCallable
Event: 20.690 Loading class java/util/concurrent/ForkJoinTask$AdaptedCallable done
Event: 21.040 Loading class java/util/stream/ReduceOps$5
Event: 21.040 Loading class java/util/stream/ReduceOps$5 done
Event: 21.040 Loading class java/util/stream/ReduceOps$CountingSink$OfRef
Event: 21.040 Loading class java/util/stream/ReduceOps$CountingSink
Event: 21.040 Loading class java/util/stream/ReduceOps$CountingSink done
Event: 21.040 Loading class java/util/stream/ReduceOps$CountingSink$OfRef done
Event: 21.068 Loading class java/util/stream/ReduceOps$1
Event: 21.069 Loading class java/util/stream/ReduceOps$1 done
Event: 21.069 Loading class java/util/stream/ReduceOps$1ReducingSink
Event: 21.069 Loading class java/util/stream/ReduceOps$1ReducingSink done
Event: 25.664 Loading class java/util/concurrent/CompletableFuture$UniApply
Event: 25.664 Loading class java/util/concurrent/CompletableFuture$UniApply done
Event: 25.664 Loading class java/util/concurrent/CompletableFuture$UniExceptionally
Event: 25.664 Loading class java/util/concurrent/CompletableFuture$UniExceptionally done

Classes unloaded (7 events):
Event: 14.344 Thread 0x0000018c913136b0 Unloading class 0x0000018ca91a6800 'java/lang/invoke/LambdaForm$MH+0x0000018ca91a6800'
Event: 14.344 Thread 0x0000018c913136b0 Unloading class 0x0000018ca91a6400 'java/lang/invoke/LambdaForm$MH+0x0000018ca91a6400'
Event: 14.344 Thread 0x0000018c913136b0 Unloading class 0x0000018ca91a6000 'java/lang/invoke/LambdaForm$MH+0x0000018ca91a6000'
Event: 14.344 Thread 0x0000018c913136b0 Unloading class 0x0000018ca91a5c00 'java/lang/invoke/LambdaForm$MH+0x0000018ca91a5c00'
Event: 14.344 Thread 0x0000018c913136b0 Unloading class 0x0000018ca91a5800 'java/lang/invoke/LambdaForm$BMH+0x0000018ca91a5800'
Event: 14.344 Thread 0x0000018c913136b0 Unloading class 0x0000018ca91a5400 'java/lang/invoke/LambdaForm$DMH+0x0000018ca91a5400'
Event: 14.344 Thread 0x0000018c913136b0 Unloading class 0x0000018ca91a4000 'java/lang/invoke/LambdaForm$DMH+0x0000018ca91a4000'

Classes redefined (0 events):
No events

Internal exceptions (20 events):
Event: 29.618 Thread 0x0000018cf2d0e500 Exception <a 'sun/nio/fs/WindowsException'{0x00000000d56e0378}> (0x00000000d56e0378) 
thrown [s\src\hotspot\share\prims\jni.cpp, line 520]
Event: 29.618 Thread 0x0000018cf2d0e500 Exception <a 'sun/nio/fs/WindowsException'{0x00000000d56e0c58}> (0x00000000d56e0c58) 
thrown [s\src\hotspot\share\prims\jni.cpp, line 520]
Event: 29.627 Thread 0x0000018cf2d0e500 Exception <a 'sun/nio/fs/WindowsException'{0x00000000d559dd18}> (0x00000000d559dd18) 
thrown [s\src\hotspot\share\prims\jni.cpp, line 520]
Event: 29.627 Thread 0x0000018cf2d0e500 Exception <a 'sun/nio/fs/WindowsException'{0x00000000d559e5f8}> (0x00000000d559e5f8) 
thrown [s\src\hotspot\share\prims\jni.cpp, line 520]
Event: 29.647 Thread 0x0000018cf2d0e500 Exception <a 'sun/nio/fs/WindowsException'{0x00000000d55c7df8}> (0x00000000d55c7df8) 
thrown [s\src\hotspot\share\prims\jni.cpp, line 520]
Event: 29.647 Thread 0x0000018cf2d0e500 Exception <a 'sun/nio/fs/WindowsException'{0x00000000d576fbe0}> (0x00000000d576fbe0) 
thrown [s\src\hotspot\share\prims\jni.cpp, line 520]
Event: 29.659 Thread 0x0000018cf2d0e500 Exception <a 'sun/nio/fs/WindowsException'{0x00000000d56c8438}> (0x00000000d56c8438) 
thrown [s\src\hotspot\share\prims\jni.cpp, line 520]
Event: 29.659 Thread 0x0000018cf2d0e500 Exception <a 'sun/nio/fs/WindowsException'{0x00000000d56c8d18}> (0x00000000d56c8d18) 
thrown [s\src\hotspot\share\prims\jni.cpp, line 520]
Event: 29.668 Thread 0x0000018cf2d0e500 Exception <a 'sun/nio/fs/WindowsException'{0x00000000d562b580}> (0x00000000d562b580) 
thrown [s\src\hotspot\share\prims\jni.cpp, line 520]
Event: 29.668 Thread 0x0000018cf2d0e500 Exception <a 'sun/nio/fs/WindowsException'{0x00000000d562be60}> (0x00000000d562be60) 
thrown [s\src\hotspot\share\prims\jni.cpp, line 520]
Event: 29.705 Thread 0x0000018cf2d0e500 Exception <a 'sun/nio/fs/WindowsException'{0x00000000d591af40}> (0x00000000d591af40) 
thrown [s\src\hotspot\share\prims\jni.cpp, line 520]
Event: 29.705 Thread 0x0000018cf2d0e500 Exception <a 'sun/nio/fs/WindowsException'{0x00000000d591b820}> (0x00000000d591b820) 
thrown [s\src\hotspot\share\prims\jni.cpp, line 520]
Event: 29.731 Thread 0x0000018cf2d0e500 Exception <a 'sun/nio/fs/WindowsException'{0x00000000d576aca0}> (0x00000000d576aca0) 
thrown [s\src\hotspot\share\prims\jni.cpp, line 520]
Event: 29.731 Thread 0x0000018cf2d0e500 Exception <a 'sun/nio/fs/WindowsException'{0x00000000d576b580}> (0x00000000d576b580) 
thrown [s\src\hotspot\share\prims\jni.cpp, line 520]
Event: 29.746 Thread 0x0000018cf2d0e500 Exception <a 'sun/nio/fs/WindowsException'{0x00000000d599c528}> (0x00000000d599c528) 
thrown [s\src\hotspot\share\prims\jni.cpp, line 520]
Event: 29.746 Thread 0x0000018cf2d0e500 Exception <a 'sun/nio/fs/WindowsException'{0x00000000d599ce08}> (0x00000000d599ce08) 
thrown [s\src\hotspot\share\prims\jni.cpp, line 520]
Event: 29.766 Thread 0x0000018cf2d0e500 Exception <a 'sun/nio/fs/WindowsException'{0x00000000d5960a90}> (0x00000000d5960a90) 
thrown [s\src\hotspot\share\prims\jni.cpp, line 520]
Event: 29.766 Thread 0x0000018cf2d0e500 Exception <a 'sun/nio/fs/WindowsException'{0x00000000d5961370}> (0x00000000d5961370) 
thrown [s\src\hotspot\share\prims\jni.cpp, line 520]
Event: 29.775 Thread 0x0000018cf2d0e500 Exception <a 'sun/nio/fs/WindowsException'{0x00000000d592c2e0}> (0x00000000d592c2e0) 
thrown [s\src\hotspot\share\prims\jni.cpp, line 520]
Event: 29.775 Thread 0x0000018cf2d0e500 Exception <a 'sun/nio/fs/WindowsException'{0x00000000d592cbc0}> (0x00000000d592cbc0) 
thrown [s\src\hotspot\share\prims\jni.cpp, line 520]

ZGC Phase Switch (0 events):
No events

VM Operations (20 events):
Event: 29.698 Executing VM operation: ParallelGCFailedAllocation (Allocation Failure)
Event: 29.699 Executing VM operation: ParallelGCFailedAllocation (Allocation Failure) done
Event: 29.714 Executing VM operation: ParallelGCFailedAllocation (Allocation Failure)
Event: 29.714 Executing VM operation: ParallelGCFailedAllocation (Allocation Failure) done
Event: 29.721 Executing VM operation: ParallelGCFailedAllocation (Allocation Failure)
Event: 29.721 Executing VM operation: ParallelGCFailedAllocation (Allocation Failure) done
Event: 29.728 Executing VM operation: ParallelGCFailedAllocation (Allocation Failure)
Event: 29.729 Executing VM operation: ParallelGCFailedAllocation (Allocation Failure) done
Event: 29.741 Executing VM operation: ParallelGCFailedAllocation (Allocation Failure)
Event: 29.742 Executing VM operation: ParallelGCFailedAllocation (Allocation Failure) done
Event: 29.751 Executing VM operation: ParallelGCFailedAllocation (Allocation Failure)
Event: 29.752 Executing VM operation: ParallelGCFailedAllocation (Allocation Failure) done
Event: 29.760 Executing VM operation: ParallelGCFailedAllocation (Allocation Failure)
Event: 29.761 Executing VM operation: ParallelGCFailedAllocation (Allocation Failure) done
Event: 29.771 Executing VM operation: ParallelGCFailedAllocation (Allocation Failure)
Event: 29.771 Executing VM operation: ParallelGCFailedAllocation (Allocation Failure) done
Event: 29.783 Executing VM operation: ParallelGCFailedAllocation (Allocation Failure)
Event: 29.783 Executing VM operation: ParallelGCFailedAllocation (Allocation Failure) done
Event: 30.622 Executing VM operation: ParallelGCFailedAllocation (Allocation Failure)
Event: 30.623 Executing VM operation: ParallelGCFailedAllocation (Allocation Failure) done

Memory protections (0 events):
No events

Nmethod flushes (20 events):
Event: 17.448 Thread 0x0000018c913136b0 flushing  nmethod 0x0000018c94fc7290
Event: 17.448 Thread 0x0000018c913136b0 flushing  nmethod 0x0000018c94fdc890
Event: 17.448 Thread 0x0000018c913136b0 flushing  nmethod 0x0000018c94fdcd90
Event: 17.448 Thread 0x0000018c913136b0 flushing  nmethod 0x0000018c94fdd390
Event: 17.448 Thread 0x0000018c913136b0 flushing  nmethod 0x0000018c94fde290
Event: 17.448 Thread 0x0000018c913136b0 flushing  nmethod 0x0000018c94fdf110
Event: 17.448 Thread 0x0000018c913136b0 flushing  nmethod 0x0000018c94fe2b90
Event: 17.448 Thread 0x0000018c913136b0 flushing  nmethod 0x0000018c94fff090
Event: 17.448 Thread 0x0000018c913136b0 flushing  nmethod 0x0000018c9504d710
Event: 17.448 Thread 0x0000018c913136b0 flushing  nmethod 0x0000018c95053110
Event: 17.448 Thread 0x0000018c913136b0 flushing  nmethod 0x0000018c950cea90
Event: 17.448 Thread 0x0000018c913136b0 flushing  nmethod 0x0000018c950cef10
Event: 17.448 Thread 0x0000018c913136b0 flushing  nmethod 0x0000018c950cf910
Event: 17.448 Thread 0x0000018c913136b0 flushing  nmethod 0x0000018c950cfd10
Event: 17.448 Thread 0x0000018c913136b0 flushing  nmethod 0x0000018c950d1810
Event: 17.448 Thread 0x0000018c913136b0 flushing  nmethod 0x0000018c950d3110
Event: 17.448 Thread 0x0000018c913136b0 flushing  nmethod 0x0000018c950d3b10
Event: 17.448 Thread 0x0000018c913136b0 flushing  nmethod 0x0000018c950d4a10
Event: 17.448 Thread 0x0000018c913136b0 flushing  nmethod 0x0000018c950e2910
Event: 17.448 Thread 0x0000018c913136b0 flushing osr nmethod 0x0000018c950ea890

Events (20 events):
Event: 29.259 Thread 0x0000018cfb5a8330 Thread added: 0x0000018cf906d660
Event: 29.268 Thread 0x0000018cfb5a8330 Thread added: 0x0000018cf906cf90
Event: 29.279 Thread 0x0000018ce9cfdba0 Thread added: 0x0000018cf8d9d770
Event: 29.279 Thread 0x0000018ce9cfdba0 Thread added: 0x0000018cf8d9ebe0
Event: 29.332 Thread 0x0000018cfb5a8330 Thread added: 0x0000018cf86ca890
Event: 29.443 Thread 0x0000018cfb5a8330 Thread added: 0x0000018cf86c9420
Event: 29.560 Thread 0x0000018ce9cfdba0 Thread added: 0x0000018cf8d9f2b0
Event: 30.617 Thread 0x0000018cf86ca890 Thread exited: 0x0000018cf86ca890
Event: 30.617 Thread 0x0000018cf8d9f2b0 Thread exited: 0x0000018cf8d9f2b0
Event: 30.617 Thread 0x0000018cf86c9420 Thread exited: 0x0000018cf86c9420
Event: 30.617 Thread 0x0000018cfb5a8330 Thread exited: 0x0000018cfb5a8330
Event: 30.618 Thread 0x0000018cf8d9ebe0 Thread exited: 0x0000018cf8d9ebe0
Event: 30.618 Thread 0x0000018cf8d9d770 Thread exited: 0x0000018cf8d9d770
Event: 30.618 Thread 0x0000018cf906cf90 Thread exited: 0x0000018cf906cf90
Event: 30.620 Thread 0x0000018ce9cfdba0 Thread added: 0x0000018cfb5a8330
Event: 30.620 Thread 0x0000018ce9cfdba0 Thread added: 0x0000018cf8d9d0a0
Event: 30.622 Thread 0x0000018cfb5a8330 Thread added: 0x0000018cf77eca50
Event: 30.622 Thread 0x0000018cfb5a8330 Thread added: 0x0000018cf77ed120
Event: 30.627 Thread 0x0000018cf77eca50 Thread added: 0x0000018cf372f730
Event: 30.628 Thread 0x0000018cf8d9d0a0 Thread added: 0x0000018cf9bb2150


Dynamic libraries:
0x00007ff7038a0000 - 0x00007ff7038ae000 	c:\Users\MrCode\.vscode\extensions\redhat.java-1.44.0-win32-x64\jre\21.0.8-win32-x86_64\bin\java.exe
0x00007fff3c460000 - 0x00007fff3c6c7000 	C:\WINDOWS\SYSTEM32\ntdll.dll
0x00007fff3a550000 - 0x00007fff3a619000 	C:\WINDOWS\System32\KERNEL32.DLL
0x00007fff39590000 - 0x00007fff39980000 	C:\WINDOWS\System32\KERNELBASE.dll
0x00007fff39f30000 - 0x00007fff3a07b000 	C:\WINDOWS\System32\ucrtbase.dll
0x00007ffef1040000 - 0x00007ffef105e000 	c:\Users\MrCode\.vscode\extensions\redhat.java-1.44.0-win32-x64\jre\21.0.8-win32-x86_64\bin\VCRUNTIME140.dll
0x00007ffeedeb0000 - 0x00007ffeedec8000 	c:\Users\MrCode\.vscode\extensions\redhat.java-1.44.0-win32-x64\jre\21.0.8-win32-x86_64\bin\jli.dll
0x00007fff3a6b0000 - 0x00007fff3a875000 	C:\WINDOWS\System32\USER32.dll
0x00007fff1d350000 - 0x00007fff1d5ea000 	C:\WINDOWS\WinSxS\amd64_microsoft.windows.common-controls_6595b64144ccf1df_6.0.26100.4768_none_3e0c112ce331287c\COMCTL32.dll
0x00007fff3ba70000 - 0x00007fff3bb19000 	C:\WINDOWS\System32\msvcrt.dll
0x00007fff3a1c0000 - 0x00007fff3a1e7000 	C:\WINDOWS\System32\win32u.dll
0x00007fff3a200000 - 0x00007fff3a22b000 	C:\WINDOWS\System32\GDI32.dll
0x00007fff3a080000 - 0x00007fff3a1b8000 	C:\WINDOWS\System32\gdi32full.dll
0x00007fff39990000 - 0x00007fff39a33000 	C:\WINDOWS\System32\msvcp_win.dll
0x00007fff3b970000 - 0x00007fff3b99f000 	C:\WINDOWS\System32\IMM32.DLL
0x00007fff123c0000 - 0x00007fff124b2000 	C:\Program Files\Windhawk\Engine\1.6.1\64\windhawk.dll
0x00007fff3b9b0000 - 0x00007fff3ba64000 	C:\WINDOWS\System32\ADVAPI32.dll
0x00007fff3c280000 - 0x00007fff3c326000 	C:\WINDOWS\System32\sechost.dll
0x00007fff3c160000 - 0x00007fff3c278000 	C:\WINDOWS\System32\RPCRT4.dll
0x00007fff0de40000 - 0x00007fff0de68000 	C:\ProgramData\Windhawk\Engine\Mods\64\explorer-details-better-file-sizes_1.4.11_342005.dll
0x00007fff3ae20000 - 0x00007fff3afc0000 	C:\WINDOWS\System32\ole32.dll
0x00007fff3a8a0000 - 0x00007fff3ac25000 	C:\WINDOWS\System32\combase.dll
0x00007fff3c330000 - 0x00007fff3c410000 	C:\WINDOWS\System32\OLEAUT32.dll
0x00007fff3b150000 - 0x00007fff3b89d000 	C:\WINDOWS\System32\SHELL32.dll
0x00007fff0dc10000 - 0x00007fff0ddb9000 	C:\ProgramData\Windhawk\Engine\Mods\64\libc++.whl
0x00007fff39db0000 - 0x00007fff39f23000 	C:\WINDOWS\System32\wintypes.dll
0x00007fff0ddc0000 - 0x00007fff0ddfa000 	C:\ProgramData\Windhawk\Engine\Mods\64\libunwind.whl
0x00007fff35700000 - 0x00007fff3580d000 	C:\WINDOWS\SYSTEM32\PROPSYS.dll
0x00007fff0dbe0000 - 0x00007fff0dc09000 	C:\ProgramData\Windhawk\Engine\Mods\64\slick-window-arrangement_1.0.2_442017.dll
0x00007fff366e0000 - 0x00007fff36715000 	C:\WINDOWS\SYSTEM32\dwmapi.dll
0x00007fff3a450000 - 0x00007fff3a545000 	C:\WINDOWS\System32\shcore.dll
0x00007fff09c90000 - 0x00007fff09cc7000 	C:\ProgramData\Windhawk\Engine\Mods\64\translucent-windows_1.6.2_156660.dll
0x00007fff36130000 - 0x00007fff361df000 	C:\WINDOWS\SYSTEM32\UxTheme.dll
0x00007fff276f0000 - 0x00007fff276f8000 	C:\WINDOWS\SYSTEM32\MSIMG32.dll
0x00007fff33ae0000 - 0x00007fff34123000 	C:\WINDOWS\SYSTEM32\d2d1.dll
0x00007fff32fd0000 - 0x00007fff32fdc000 	c:\Users\MrCode\.vscode\extensions\redhat.java-1.44.0-win32-x64\jre\21.0.8-win32-x86_64\bin\vcruntime140_1.dll
0x00007ffec90c0000 - 0x00007ffec914d000 	c:\Users\MrCode\.vscode\extensions\redhat.java-1.44.0-win32-x64\jre\21.0.8-win32-x86_64\bin\msvcp140.dll
0x00007ffe5cdc0000 - 0x00007ffe5db57000 	c:\Users\MrCode\.vscode\extensions\redhat.java-1.44.0-win32-x64\jre\21.0.8-win32-x86_64\bin\server\jvm.dll
0x00007fff3c010000 - 0x00007fff3c084000 	C:\WINDOWS\System32\WS2_32.dll
0x00007fff2e570000 - 0x00007fff2e5a5000 	C:\WINDOWS\SYSTEM32\WINMM.dll
0x00007fff38190000 - 0x00007fff381ee000 	C:\WINDOWS\SYSTEM32\POWRPROF.dll
0x00007fff30a00000 - 0x00007fff30a0b000 	C:\WINDOWS\SYSTEM32\VERSION.dll
0x00007fff38170000 - 0x00007fff38184000 	C:\WINDOWS\SYSTEM32\UMPDC.dll
0x00007fff38430000 - 0x00007fff3844b000 	C:\WINDOWS\SYSTEM32\kernel.appcore.dll
0x00007fff32f00000 - 0x00007fff32f0a000 	c:\Users\MrCode\.vscode\extensions\redhat.java-1.44.0-win32-x64\jre\21.0.8-win32-x86_64\bin\jimage.dll
0x00007fff36800000 - 0x00007fff36a41000 	C:\WINDOWS\SYSTEM32\DBGHELP.DLL
0x00007fff0a080000 - 0x00007fff0a0c3000 	C:\WINDOWS\SYSTEM32\dbgcore.DLL
0x00007fff39a40000 - 0x00007fff39ad9000 	C:\WINDOWS\System32\bcryptPrimitives.dll
0x00007fff20e10000 - 0x00007fff20e1f000 	c:\Users\MrCode\.vscode\extensions\redhat.java-1.44.0-win32-x64\jre\21.0.8-win32-x86_64\bin\instrument.dll
0x00007ffeea9e0000 - 0x00007ffeea9ff000 	c:\Users\MrCode\.vscode\extensions\redhat.java-1.44.0-win32-x64\jre\21.0.8-win32-x86_64\bin\java.dll
0x00007fff371b0000 - 0x00007fff37a10000 	C:\WINDOWS\SYSTEM32\windows.storage.dll
0x00007fff3c0e0000 - 0x00007fff3c14a000 	C:\WINDOWS\System32\shlwapi.dll
0x00007fff394b0000 - 0x00007fff394d9000 	C:\WINDOWS\SYSTEM32\profapi.dll
0x00007ffed3f50000 - 0x00007ffed3f68000 	c:\Users\MrCode\.vscode\extensions\redhat.java-1.44.0-win32-x64\jre\21.0.8-win32-x86_64\bin\zip.dll
0x00007fff0c450000 - 0x00007fff0c460000 	C:\Users\MrCode\.vscode\extensions\redhat.java-1.44.0-win32-x64\jre\21.0.8-win32-x86_64\bin\net.dll
0x00007fff324c0000 - 0x00007fff325de000 	C:\WINDOWS\SYSTEM32\WINHTTP.dll
0x00007fff389c0000 - 0x00007fff38a2b000 	C:\WINDOWS\system32\mswsock.dll
0x00007ffed3f30000 - 0x00007ffed3f46000 	C:\Users\MrCode\.vscode\extensions\redhat.java-1.44.0-win32-x64\jre\21.0.8-win32-x86_64\bin\nio.dll
0x00007fff0b0b0000 - 0x00007fff0b0c0000 	c:\Users\MrCode\.vscode\extensions\redhat.java-1.44.0-win32-x64\jre\21.0.8-win32-x86_64\bin\verify.dll
0x00007ffeedde0000 - 0x00007ffeede25000 	C:\Users\MrCode\AppData\Roaming\Code\User\globalStorage\redhat.java\1.44.0\config_win\org.eclipse.equinox.launcher\org.eclipse.equinox.launcher.win32.win32.x86_64_1.2.1400.v20250730-1736\eclipse_11913.dll
0x00007fff38c80000 - 0x00007fff38c9b000 	C:\WINDOWS\SYSTEM32\CRYPTSP.dll
0x00007fff38390000 - 0x00007fff383cb000 	C:\WINDOWS\system32\rsaenh.dll
0x00007fff38a60000 - 0x00007fff38a8b000 	C:\WINDOWS\SYSTEM32\USERENV.dll
0x00007fff39480000 - 0x00007fff394a6000 	C:\WINDOWS\SYSTEM32\bcrypt.dll
0x00007fff38ca0000 - 0x00007fff38cac000 	C:\WINDOWS\SYSTEM32\CRYPTBASE.dll
0x00007fff37e60000 - 0x00007fff37e93000 	C:\WINDOWS\SYSTEM32\IPHLPAPI.DLL
0x00007fff3c150000 - 0x00007fff3c15a000 	C:\WINDOWS\System32\NSI.dll
0x00007ffec8de0000 - 0x00007ffec8e29000 	C:\Users\MrCode\AppData\Local\Temp\jna--1983135406\jna3233669366921895128.dll
0x00007fff3b950000 - 0x00007fff3b958000 	C:\WINDOWS\System32\PSAPI.DLL
0x00007fff343a0000 - 0x00007fff343bf000 	C:\WINDOWS\SYSTEM32\dhcpcsvc6.DLL
0x00007fff337d0000 - 0x00007fff337f5000 	C:\WINDOWS\SYSTEM32\dhcpcsvc.DLL
0x00007fff38560000 - 0x00007fff38596000 	C:\WINDOWS\SYSTEM32\ntmarta.dll

JVMTI agents:
c:\Users\MrCode\.vscode\extensions\redhat.java-1.44.0-win32-x64\lombok\lombok-1.18.39-4050.jar path:c:\Users\MrCode\.vscode\extensions\redhat.java-1.44.0-win32-x64\jre\21.0.8-win32-x86_64\bin\instrument.dll, loaded, initialized, instrumentlib options:none

dbghelp: loaded successfully - version: 4.0.5 - missing functions: none
symbol engine: initialized successfully - sym options: 0x614 - pdb path: .;c:\Users\MrCode\.vscode\extensions\redhat.java-1.44.0-win32-x64\jre\21.0.8-win32-x86_64\bin;C:\WINDOWS\SYSTEM32;C:\WINDOWS\WinSxS\amd64_microsoft.windows.common-controls_6595b64144ccf1df_6.0.26100.4768_none_3e0c112ce331287c;C:\Program Files\Windhawk\Engine\1.6.1\64;C:\ProgramData\Windhawk\Engine\Mods\64;c:\Users\MrCode\.vscode\extensions\redhat.java-1.44.0-win32-x64\jre\21.0.8-win32-x86_64\bin\server;C:\Users\MrCode\AppData\Roaming\Code\User\globalStorage\redhat.java\1.44.0\config_win\org.eclipse.equinox.launcher\org.eclipse.equinox.launcher.win32.win32.x86_64_1.2.1400.v20250730-1736;C:\Users\MrCode\AppData\Local\Temp\jna--1983135406

VM Arguments:
jvm_args: --add-modules=ALL-SYSTEM --add-opens=java.base/java.util=ALL-UNNAMED --add-opens=java.base/java.lang=ALL-UNNAMED --add-opens=java.base/sun.nio.fs=ALL-UNNAMED -Declipse.application=org.eclipse.jdt.ls.core.id1 -Dosgi.bundles.defaultStartLevel=4 -Declipse.product=org.eclipse.jdt.ls.core.product -Djava.import.generatesMetadataFilesAtProjectRoot=false -DDetectVMInstallationsJob.disabled=true -Dfile.encoding=utf8 -XX:+UseParallelGC -XX:GCTimeRatio=4 -XX:AdaptiveSizePolicyWeight=90 -Dsun.zip.disableMemoryMapping=true -Xmx2G -Xms100m -Xlog:disable -javaagent:c:\Users\MrCode\.vscode\extensions\redhat.java-1.44.0-win32-x64\lombok\lombok-1.18.39-4050.jar -XX:+HeapDumpOnOutOfMemoryError -XX:HeapDumpPath=c:\Users\MrCode\AppData\Roaming\Code\User\workspaceStorage\d19f8096f50f315f45fd99ff2711dc27\redhat.java -Daether.dependencyCollector.impl=bf 
java_command: c:\Users\MrCode\.vscode\extensions\redhat.java-1.44.0-win32-x64\server\plugins\org.eclipse.equinox.launcher_1.7.0.v20250519-0528.jar -configuration c:\Users\MrCode\AppData\Roaming\Code\User\globalStorage\redhat.java\1.44.0\config_win -data c:\Users\MrCode\AppData\Roaming\Code\User\workspaceStorage\d19f8096f50f315f45fd99ff2711dc27\redhat.java\jdt_ws --pipe=\\.\pipe\lsp-07297c5f74a0d4e4dd3537e8d7f66e66-sock
java_class_path (initial): c:\Users\MrCode\.vscode\extensions\redhat.java-1.44.0-win32-x64\server\plugins\org.eclipse.equinox.launcher_1.7.0.v20250519-0528.jar
Launcher Type: SUN_STANDARD

[Global flags]
    uintx AdaptiveSizePolicyWeight                 = 90                                        {product} {command line}
     intx CICompilerCount                          = 15                                        {product} {ergonomic}
    uintx GCTimeRatio                              = 4                                         {product} {command line}
     bool HeapDumpOnOutOfMemoryError               = true                                   {manageable} {command line}
    ccstr HeapDumpPath                             = c:\Users\MrCode\AppData\Roaming\Code\User\workspaceStorage\d19f8096f50f315f45fd99ff2711dc27\redhat.java         {manageable} {command line}
   size_t InitialHeapSize                          = 104857600                                 {product} {command line}
   size_t MaxHeapSize                              = 2147483648                                {product} {command line}
   size_t MaxNewSize                               = 715653120                                 {product} {ergonomic}
   size_t MinHeapDeltaBytes                        = 524288                                    {product} {ergonomic}
   size_t MinHeapSize                              = 104857600                                 {product} {command line}
   size_t NewSize                                  = 34603008                                  {product} {ergonomic}
    uintx NonNMethodCodeHeapSize                   = 8192380                                {pd product} {ergonomic}
    uintx NonProfiledCodeHeapSize                  = 121732930                              {pd product} {ergonomic}
   size_t OldSize                                  = 70254592                                  {product} {ergonomic}
    uintx ProfiledCodeHeapSize                     = 121732930                              {pd product} {ergonomic}
    uintx ReservedCodeCacheSize                    = 251658240                              {pd product} {ergonomic}
     bool SegmentedCodeCache                       = true                                      {product} {ergonomic}
   size_t SoftMaxHeapSize                          = 2147483648                             {manageable} {ergonomic}
     bool UseCompressedOops                        = true                           {product lp64_product} {ergonomic}
     bool UseLargePagesIndividualAllocation        = false                                  {pd product} {ergonomic}
     bool UseParallelGC                            = true                                      {product} {command line}

Logging:
Log output configuration:
 #0: stdout all=off uptime,level,tags foldmultilines=false
 #1: stderr all=off uptime,level,tags foldmultilines=false

Environment Variables:
PATH=C:\Python313\Scripts\;C:\Python313\;C:\Program Files\Common Files\Oracle\Java\javapath;c:\Users\MrCode\AppData\Local\Programs\cursor\resources\app\bin;C:\Windows\system32;C:\Windows;C:\Windows\System32\Wbem;C:\Windows\System32\WindowsPowerShell\v1.0\;C:\Windows\System32\OpenSSH\;C:\Program Files\dotnet\;C:\Program Files (x86)\NVIDIA Corporation\PhysX\Common;C:\Users\MrCode\AppData\Local\Microsoft\WindowsApps;C:\Users\MrCode\.dotnet\tools;C:\php;C:\ProgramData\ComposerSetup\bin;C:\Program Files\nodejs\;C:\ProgramData\chocolatey\bin;C:\wamp64\bin\mysql\mysql9.1.0\bin;C:\Program Files\Git\cmd;C:\WINDOWS\system32;C:\WINDOWS;C:\WINDOWS\System32\Wbem;C:\WINDOWS\System32\WindowsPowerShell\v1.0\;C:\WINDOWS\System32\OpenSSH\;C:\Program Files\Cloudflare\Cloudflare WARP\;C:\Program Files\GitHub CLI\;C:\Program Files\Microsoft SQL Server\150\Tools\Binn\;C:\Program Files\Microsoft SQL Server\Client SDK\ODBC\170\Tools\Binn\;C:\Program Files\Java\jdk-24\bin;C:\Program Files\apache-maven-3.9.11-bin\apache-maven-3.9.11\bin;C:\Users\MrCode\AppData\Local\Microsoft\WindowsApps;C:\Users\MrCode\.dotnet\tools;C:\Users\MrCode\AppData\Local\Programs\cursor\resources\app\bin;C:\Users\MrCode\AppData\Roaming\Composer\vendor\bin;C:\Users\MrCode\AppData\Roaming\npm;C:\Users\MrCode\.lmstudio\bin;C:\Users\MrCode\AppData\Local\Microsoft\WindowsApps;C:\Users\MrCode\AppData\Local\Programs\Microsoft VS Code\bin;C:\Users\MrCode\.dotnet\tools;C:\Program Files\JetBrains\JetBrains Rider 2025.1.3\bin;;C:\Program Files\JetBrains\IntelliJ IDEA 2025.2\bin;C:\Users\MrCode\AppData\Local\Programs\Windsurf\bin
USERNAME=MrCode
OS=Windows_NT
PROCESSOR_IDENTIFIER=Intel64 Family 6 Model 183 Stepping 1, GenuineIntel
TMP=C:\Users\MrCode\AppData\Local\Temp
TEMP=C:\Users\MrCode\AppData\Local\Temp




Periodic native trim disabled

---------------  S Y S T E M  ---------------

OS:
 Windows 11 , 64 bit Build 26100 (10.0.26100.4768)
OS uptime: 0 days 0:16 hours

CPU: total 32 (initial active 32) (32 cores per cpu, 1 threads per core) family 6 model 183 stepping 1 microcode 0x12b, cx8, cmov, fxsr, mmx, 3dnowpref, sse, sse2, sse3, ssse3, sse4.1, sse4.2, popcnt, lzcnt, tsc, tscinvbit, avx, avx2, aes, erms, clmul, bmi1, bmi2, adx, sha, fma, vzeroupper, clflush, clflushopt, clwb, serialize, rdtscp, rdpid, fsrm, f16c, pku, cet_ibt, cet_ss
Processor Information for the first 32 processors :
  Max Mhz: 2200, Current Mhz: 2200, Mhz Limit: 2200

Memory: 4k page, system-wide physical 32426M (12819M free)
TotalPageFile size 34986M (AvailPageFile size 8821M)
current process WorkingSet (physical memory assigned to process): 1365M, peak: 1448M
current process commit charge ("private bytes"): 1369M, peak: 1445M

vm_info: OpenJDK 64-Bit Server VM (21.0.8+9-LTS) for windows-amd64 JRE (21.0.8+9-LTS), built on 2025-07-15T00:00:00Z by "admin" with MS VC++ 17.7 (VS2022)

END.
